Component: ARM Compiler 5.06 update 6 (build 750) Tool: armlink [4d35ed]

==============================================================================

Section Cross References

    main.o(i.main) refers to systick.o(i.SysTick_Init) for SysTick_Init
    main.o(i.main) refers to usart.o(i.USART1_Init) for USART1_Init
    main.o(i.main) refers to df_player.o(i.DF_Player_Init) for DF_Player_Init
    main.o(i.main) refers to hp9170.o(i.HP9170_Init) for HP9170_Init
    main.o(i.main) refers to pin_config.o(i.pin_Setup) for pin_Setup
    main.o(i.main) refers to 74hc595.o(i.the_74HC595_Init) for the_74HC595_Init
    main.o(i.main) refers to 24cxx.o(i.AT24CXX_Init) for AT24CXX_Init
    main.o(i.main) refers to hp9200.o(i.HP9200_Init) for HP9200_Init
    main.o(i.main) refers to ds18b20.o(i.DS18B20_Init) for DS18B20_Init
    main.o(i.main) refers to printfa.o(i.__0printf) for __2printf
    main.o(i.main) refers to 24cxx.o(i.password_Filler_from24C02) for password_Filler_from24C02
    main.o(i.main) refers to hp9200.o(i.phoneNumber_Filler_from24C02) for phoneNumber_Filler_from24C02
    main.o(i.main) refers to hp9200.o(i.home_phoneNumber_Filler_from24C02) for home_phoneNumber_Filler_from24C02
    main.o(i.main) refers to pin_config.o(i.voltage_Detection_v5) for voltage_Detection_v5
    main.o(i.main) refers to stm32f10x_tim.o(i.TIM_DeInit) for TIM_DeInit
    main.o(i.main) refers to ds18b20.o(i.heat_Detection) for heat_Detection
    main.o(i.main) refers to pin_config.o(i.power_Outage_Detection) for power_Outage_Detection
    main.o(i.main) refers to df_player.o(i.play_One_Track) for play_One_Track
    main.o(i.main) refers to hp9170.o(i.password_Sequence) for password_Sequence
    main.o(i.main) refers to hp9170.o(i.two_User_Input_Sequence_V2) for two_User_Input_Sequence_V2
    main.o(i.main) refers to 74hc595.o(i.relay_Action) for relay_Action
    main.o(i.main) refers to systick.o(i.delay_ms) for delay_ms
    main.o(i.main) refers to hp9200.o(i.dial_Phone_Number_all_Digit) for dial_Phone_Number_all_Digit
    main.o(i.main) refers to pin_config.o(i.callout_Detection_mod) for callout_Detection_mod
    main.o(i.main) refers to hp9200.o(i.goingInto_Control_Input_Reader) for goingInto_Control_Input_Reader
    main.o(i.main) refers to timer.o(i.timer_Init_Timer3) for timer_Init_Timer3
    main.o(i.main) refers to 24cxx.o(.data) for number_Of_Recall
    main.o(i.main) refers to timer.o(.data) for timer3_timeout_Flag
    main.o(i.main) refers to ds18b20.o(.data) for temperature_Status_Token
    main.o(i.main) refers to pin_config.o(.data) for power_Outage_Event
    main.o(i.main) refers to 24cxx.o(.bss) for password_Array
    main.o(i.main) refers to hp9170.o(.data) for sequence_Buffer
    main.o(i.main) refers to hp9200.o(.bss) for phone_Number_Array
    main.o(i.main) refers to hp9200.o(.data) for control_Enter_Flag
    startup_stm32f10x_md.o(RESET) refers to startup_stm32f10x_md.o(STACK) for __initial_sp
    startup_stm32f10x_md.o(RESET) refers to startup_stm32f10x_md.o(.text) for Reset_Handler
    startup_stm32f10x_md.o(RESET) refers to stm32f10x_it.o(i.NMI_Handler) for NMI_Handler
    startup_stm32f10x_md.o(RESET) refers to stm32f10x_it.o(i.HardFault_Handler) for HardFault_Handler
    startup_stm32f10x_md.o(RESET) refers to stm32f10x_it.o(i.MemManage_Handler) for MemManage_Handler
    startup_stm32f10x_md.o(RESET) refers to stm32f10x_it.o(i.BusFault_Handler) for BusFault_Handler
    startup_stm32f10x_md.o(RESET) refers to stm32f10x_it.o(i.UsageFault_Handler) for UsageFault_Handler
    startup_stm32f10x_md.o(RESET) refers to stm32f10x_it.o(i.SVC_Handler) for SVC_Handler
    startup_stm32f10x_md.o(RESET) refers to stm32f10x_it.o(i.DebugMon_Handler) for DebugMon_Handler
    startup_stm32f10x_md.o(RESET) refers to stm32f10x_it.o(i.PendSV_Handler) for PendSV_Handler
    startup_stm32f10x_md.o(RESET) refers to stm32f10x_it.o(i.SysTick_Handler) for SysTick_Handler
    startup_stm32f10x_md.o(RESET) refers to timer.o(i.TIM3_IRQHandler) for TIM3_IRQHandler
    startup_stm32f10x_md.o(RESET) refers to timer.o(i.TIM4_IRQHandler) for TIM4_IRQHandler
    startup_stm32f10x_md.o(RESET) refers to usart.o(i.USART1_IRQHandler) for USART1_IRQHandler
    startup_stm32f10x_md.o(.text) refers to system_stm32f10x.o(i.SystemInit) for SystemInit
    startup_stm32f10x_md.o(.text) refers to entry.o(.ARM.Collect$$$$00000000) for __main
    stm32f10x_gpio.o(i.GPIO_AFIODeInit) refers to stm32f10x_rcc.o(i.RCC_APB2PeriphResetCmd) for RCC_APB2PeriphResetCmd
    stm32f10x_gpio.o(i.GPIO_DeInit) refers to stm32f10x_rcc.o(i.RCC_APB2PeriphResetCmd) for RCC_APB2PeriphResetCmd
    stm32f10x_rcc.o(i.RCC_GetClocksFreq) refers to stm32f10x_rcc.o(.data) for APBAHBPrescTable
    stm32f10x_rcc.o(i.RCC_WaitForHSEStartUp) refers to stm32f10x_rcc.o(i.RCC_GetFlagStatus) for RCC_GetFlagStatus
    stm32f10x_tim.o(i.TIM_DeInit) refers to stm32f10x_rcc.o(i.RCC_APB2PeriphResetCmd) for RCC_APB2PeriphResetCmd
[...]
    printf7.o(i.__0vsnprintf$7) refers to printf7.o(i._printf_core) for _printf_core
    printf7.o(i.__0vsnprintf$7) refers to printf7.o(i._snputc) for _snputc
    printf7.o(i.__0vsprintf$7) refers to printf7.o(i._printf_core) for _printf_core
    printf7.o(i.__0vsprintf$7) refers to printf7.o(i._sputc) for _sputc
    printf7.o(i._printf_core) refers to printf7.o(i._printf_pre_padding) for _printf_pre_padding
    printf7.o(i._printf_core) refers to uldiv.o(.text) for __aeabi_uldivmod
    printf7.o(i._printf_core) refers to printf7.o(i._printf_post_padding) for _printf_post_padding
    printf8.o(i.__0fprintf$8) refers to printf8.o(i._printf_core) for _printf_core
    printf8.o(i.__0fprintf$8) refers to usart.o(i.fputc) for fputc
    printf8.o(i.__0printf$8) refers to printf8.o(i._printf_core) for _printf_core
    printf8.o(i.__0printf$8) refers to usart.o(i.fputc) for fputc
    printf8.o(i.__0printf$8) refers to stdout.o(.data) for __stdout
    printf8.o(i.__0snprintf$8) refers to printf8.o(i._printf_core) for _printf_core
    printf8.o(i.__0snprintf$8) refers to printf8.o(i._snputc) for _snputc
    printf8.o(i.__0sprintf$8) refers to printf8.o(i._printf_core) for _printf_core
    printf8.o(i.__0sprintf$8) refers to printf8.o(i._sputc) for _sputc
    printf8.o(i.__0vfprintf$8) refers to printf8.o(i._printf_core) for _printf_core
    printf8.o(i.__0vfprintf$8) refers to usart.o(i.fputc) for fputc
    printf8.o(i.__0vprintf$8) refers to printf8.o(i._printf_core) for _printf_core
    printf8.o(i.__0vprintf$8) refers to usart.o(i.fputc) for fputc
    printf8.o(i.__0vprintf$8) refers to stdout.o(.data) for __stdout
    printf8.o(i.__0vsnprintf$8) refers to printf8.o(i._printf_core) for _printf_core
    printf8.o(i.__0vsnprintf$8) refers to printf8.o(i._snputc) for _snputc
    printf8.o(i.__0vsprintf$8) refers to printf8.o(i._printf_core) for _printf_core
    printf8.o(i.__0vsprintf$8) refers to printf8.o(i._sputc) for _sputc
    printf8.o(i._printf_core) refers to printf8.o(i._printf_pre_padding) for _printf_pre_padding
    printf8.o(i._printf_core) refers to uldiv.o(.text) for __aeabi_uldivmod
    printf8.o(i._printf_core) refers to printf8.o(i._printf_post_padding) for _printf_post_padding
    printfa.o(i.__0fprintf) refers (Special) to iusefp.o(.text) for __I$use$fp
    printfa.o(i.__0fprintf) refers to printfa.o(i._printf_core) for _printf_core
    printfa.o(i.__0fprintf) refers to usart.o(i.fputc) for fputc
    printfa.o(i.__0printf) refers (Special) to iusefp.o(.text) for __I$use$fp
    printfa.o(i.__0printf) refers to printfa.o(i._printf_core) for _printf_core
    printfa.o(i.__0printf) refers to usart.o(i.fputc) for fputc
    printfa.o(i.__0printf) refers to stdout.o(.data) for __stdout
    printfa.o(i.__0snprintf) refers (Special) to iusefp.o(.text) for __I$use$fp
    printfa.o(i.__0snprintf) refers to printfa.o(i._printf_core) for _printf_core
    printfa.o(i.__0snprintf) refers to printfa.o(i._snputc) for _snputc
    printfa.o(i.__0sprintf) refers (Special) to iusefp.o(.text) for __I$use$fp
    printfa.o(i.__0sprintf) refers to printfa.o(i._printf_core) for _printf_core
    printfa.o(i.__0sprintf) refers to printfa.o(i._sputc) for _sputc
    printfa.o(i.__0vfprintf) refers (Special) to iusefp.o(.text) for __I$use$fp
    printfa.o(i.__0vfprintf) refers to printfa.o(i._printf_core) for _printf_core
    printfa.o(i.__0vfprintf) refers to usart.o(i.fputc) for fputc
    printfa.o(i.__0vprintf) refers (Special) to iusefp.o(.text) for __I$use$fp
    printfa.o(i.__0vprintf) refers to printfa.o(i._printf_core) for _printf_core
    printfa.o(i.__0vprintf) refers to usart.o(i.fputc) for fputc
    printfa.o(i.__0vprintf) refers to stdout.o(.data) for __stdout
    printfa.o(i.__0vsnprintf) refers (Special) to iusefp.o(.text) for __I$use$fp
    printfa.o(i.__0vsnprintf) refers to printfa.o(i._printf_core) for _printf_core
    printfa.o(i.__0vsnprintf) refers to printfa.o(i._snputc) for _snputc
    printfa.o(i.__0vsprintf) refers (Special) to iusefp.o(.text) for __I$use$fp
    printfa.o(i.__0vsprintf) refers to printfa.o(i._printf_core) for _printf_core
    printfa.o(i.__0vsprintf) refers to printfa.o(i._sputc) for _sputc
    printfa.o(i._fp_digits) refers (Special) to iusefp.o(.text) for __I$use$fp
    printfa.o(i._fp_digits) refers to dmul.o(.text) for __aeabi_dmul
    printfa.o(i._fp_digits) refers to ddiv.o(.text) for __aeabi_ddiv
    printfa.o(i._fp_digits) refers to cdrcmple.o(.text) for __aeabi_cdrcmple
    printfa.o(i._fp_digits) refers to dadd.o(.text) for __aeabi_dadd
    printfa.o(i._fp_digits) refers to dfixul.o(.text) for __aeabi_d2ulz
    printfa.o(i._fp_digits) refers to uldiv.o(.text) for __aeabi_uldivmod
    printfa.o(i._printf_core) refers (Special) to iusefp.o(.text) for __I$use$fp
    printfa.o(i._printf_core) refers to printfa.o(i._printf_pre_padding) for _printf_pre_padding
    printfa.o(i._printf_core) refers to uldiv.o(.text) for __aeabi_uldivmod
    printfa.o(i._printf_core) refers to printfa.o(i._printf_post_padding) for _printf_post_padding
    printfa.o(i._printf_core) refers to printfa.o(i._fp_digits) for _fp_digits
    printfa.o(i._printf_core) refers to uidiv.o(.text) for __aeabi_uidivmod
    printfa.o(i._printf_post_padding) refers (Special) to iusefp.o(.text) for __I$use$fp
    printfa.o(i._printf_pre_padding) refers (Special) to iusefp.o(.text) for __I$use$fp
    printfa.o(i._snputc) refers (Special) to iusefp.o(.text) for __I$use$fp
    printfa.o(i._sputc) refers (Special) to iusefp.o(.text) for __I$use$fp
    dmul.o(.text) refers (Special) to iusefp.o(.text) for __I$use$fp
    dmul.o(.text) refers to depilogue.o(.text) for _double_epilogue
    ffltui.o(.text) refers (Special) to iusefp.o(.text) for __I$use$fp
    ffltui.o(.text) refers to fepilogue.o(.text) for _float_epilogue
    dfltui.o(.text) refers (Special) to iusefp.o(.text) for __I$use$fp
    dfltui.o(.text) refers to depilogue.o(.text) for _double_epilogue
    f2d.o(.text) refers (Special) to iusefp.o(.text) for __I$use$fp
    d2f.o(.text) refers (Special) to iusefp.o(.text) for __I$use$fp
    d2f.o(.text) refers to fepilogue.o(.text) for _float_round
    cfcmple.o(.text) refers (Special) to iusefp.o(.text) for __I$use$fp
    cfrcmple.o(.text) refers (Special) to iusefp.o(.text) for __I$use$fp
    entry2.o(.ARM.Collect$$$$00000001) refers to entry2.o(.ARM.Collect$$$$00002712) for __lit__00000000
    entry2.o(.ARM.Collect$$$$00002712) refers to startup_stm32f10x_md.o(STACK) for __initial_sp
    entry2.o(__vectab_stack_and_reset_area) refers to startup_stm32f10x_md.o(STACK) for __initial_sp
    entry2.o(__vectab_stack_and_reset_area) refers to entry.o(.ARM.Collect$$$$00000000) for __main
    entry5.o(.ARM.Collect$$$$00000004) refers to init.o(.text) for __scatterload
    entry9a.o(.ARM.Collect$$$$0000000B) refers to main.o(i.main) for main
    entry9b.o(.ARM.Collect$$$$0000000C) refers to main.o(i.main) for main
    uldiv.o(.text) refers to llushr.o(.text) for __aeabi_llsr
    uldiv.o(.text) refers to llshl.o(.text) for __aeabi_llsl
    depilogue.o(.text) refers to llshl.o(.text) for __aeabi_llsl
    depilogue.o(.text) refers to llushr.o(.text) for __aeabi_llsr
    dadd.o(.text) refers to llshl.o(.text) for __aeabi_llsl
    dadd.o(.text) refers to llsshr.o(.text) for __aeabi_lasr
    dadd.o(.text) refers to depilogue.o(.text) for _double_epilogue
    ddiv.o(.text) refers to depilogue.o(.text) for _double_round
    dfixul.o(.text) refers to llushr.o(.text) for __aeabi_llsr
    dfixul.o(.text) refers to llshl.o(.text) for __aeabi_llsl
    init.o(.text) refers to entry5.o(.ARM.Collect$$$$00000004) for __main_after_scatterload


==============================================================================

Removing Unused input sections from the image.

    Removing startup_stm32f10x_md.o(HEAP), (512 bytes).
    Removing stm32f10x_gpio.o(i.GPIO_AFIODeInit), (20 bytes).
    Removing stm32f10x_gpio.o(i.GPIO_DeInit), (200 bytes).
    Removing stm32f10x_gpio.o(i.GPIO_ETH_MediaInterfaceConfig), (12 bytes).
    Removing stm32f10x_gpio.o(i.GPIO_EXTILineConfig), (64 bytes).
    Removing stm32f10x_gpio.o(i.GPIO_EventOutputCmd), (12 bytes).
    Removing stm32f10x_gpio.o(i.GPIO_EventOutputConfig), (32 bytes).
    Removing stm32f10x_gpio.o(i.GPIO_PinLockConfig), (18 bytes).
    Removing stm32f10x_gpio.o(i.GPIO_ReadInputData), (8 bytes).
    Removing stm32f10x_gpio.o(i.GPIO_ReadInputDataBit), (18 bytes).
    Removing stm32f10x_gpio.o(i.GPIO_ReadOutputData), (8 bytes).
    Removing stm32f10x_gpio.o(i.GPIO_ReadOutputDataBit), (18 bytes).
    Removing stm32f10x_gpio.o(i.GPIO_ResetBits), (4 bytes).
    Removing stm32f10x_gpio.o(i.GPIO_SetBits), (4 bytes).
    Removing stm32f10x_gpio.o(i.GPIO_StructInit), (16 bytes).
    Removing stm32f10x_gpio.o(i.GPIO_Write), (4 bytes).
    Removing stm32f10x_gpio.o(i.GPIO_WriteBit), (10 bytes).
    Removing stm32f10x_rcc.o(i.RCC_ADCCLKConfig), (24 bytes).
    Removing stm32f10x_rcc.o(i.RCC_AHBPeriphClockCmd), (32 bytes).
    Removing stm32f10x_rcc.o(i.RCC_AdjustHSICalibrationValue), (24 bytes).
    Removing stm32f10x_rcc.o(i.RCC_BackupResetCmd), (12 bytes).
    Removing stm32f10x_rcc.o(i.RCC_ClearFlag), (20 bytes).
    Removing stm32f10x_rcc.o(i.RCC_ClearITPendingBit), (12 bytes).
    Removing stm32f10x_rcc.o(i.RCC_ClockSecuritySystemCmd), (12 bytes).
    Removing stm32f10x_rcc.o(i.RCC_DeInit), (76 bytes).
    Removing stm32f10x_rcc.o(i.RCC_GetFlagStatus), (60 bytes).
    Removing stm32f10x_rcc.o(i.RCC_GetITStatus), (24 bytes).
    Removing stm32f10x_rcc.o(i.RCC_GetSYSCLKSource), (16 bytes).
    Removing stm32f10x_rcc.o(i.RCC_HCLKConfig), (24 bytes).
    Removing stm32f10x_rcc.o(i.RCC_HSEConfig), (76 bytes).
    Removing stm32f10x_rcc.o(i.RCC_HSICmd), (12 bytes).
    Removing stm32f10x_rcc.o(i.RCC_ITConfig), (32 bytes).
    Removing stm32f10x_rcc.o(i.RCC_LSEConfig), (52 bytes).
    Removing stm32f10x_rcc.o(i.RCC_LSICmd), (12 bytes).
    Removing stm32f10x_rcc.o(i.RCC_MCOConfig), (12 bytes).
    Removing stm32f10x_rcc.o(i.RCC_PCLK1Config), (24 bytes).
    Removing stm32f10x_rcc.o(i.RCC_PCLK2Config), (24 bytes).
    Removing stm32f10x_rcc.o(i.RCC_PLLCmd), (12 bytes).
    Removing stm32f10x_rcc.o(i.RCC_PLLConfig), (28 bytes).
    Removing stm32f10x_rcc.o(i.RCC_RTCCLKCmd), (12 bytes).
    Removing stm32f10x_rcc.o(i.RCC_RTCCLKConfig), (16 bytes).
    Removing stm32f10x_rcc.o(i.RCC_SYSCLKConfig), (24 bytes).
    Removing stm32f10x_rcc.o(i.RCC_USBCLKConfig), (12 bytes).
    Removing stm32f10x_rcc.o(i.RCC_WaitForHSEStartUp), (56 bytes).
    Removing misc.o(i.NVIC_PriorityGroupConfig), (20 bytes).
    Removing misc.o(i.NVIC_SetVectorTable), (20 bytes).
    Removing misc.o(i.NVIC_SystemLPConfig), (32 bytes).
    Removing stm32f10x_exti.o(i.EXTI_ClearFlag), (12 bytes).
    Removing stm32f10x_exti.o(i.EXTI_ClearITPendingBit), (12 bytes).
    Removing stm32f10x_exti.o(i.EXTI_DeInit), (36 bytes).
    Removing stm32f10x_exti.o(i.EXTI_GenerateSWInterrupt), (16 bytes).
    Removing stm32f10x_exti.o(i.EXTI_GetFlagStatus), (24 bytes).
    Removing stm32f10x_exti.o(i.EXTI_GetITStatus), (40 bytes).
    Removing stm32f10x_exti.o(i.EXTI_Init), (148 bytes).
    Removing stm32f10x_exti.o(i.EXTI_StructInit), (16 bytes).
    Removing stm32f10x_tim.o(i.TI1_Config), (128 bytes).
    Removing stm32f10x_tim.o(i.TI2_Config), (152 bytes).
    Removing stm32f10x_tim.o(i.TI3_Config), (144 bytes).
    Removing stm32f10x_tim.o(i.TI4_Config), (152 bytes).
    Removing stm32f10x_tim.o(i.TIM_ARRPreloadConfig), (24 bytes).
    Removing stm32f10x_tim.o(i.TIM_BDTRConfig), (32 bytes).
    Removing stm32f10x_tim.o(i.TIM_BDTRStructInit), (18 bytes).
    Removing stm32f10x_tim.o(i.TIM_CCPreloadControl), (24 bytes).
    Removing stm32f10x_tim.o(i.TIM_CCxCmd), (30 bytes).
    Removing stm32f10x_tim.o(i.TIM_CCxNCmd), (30 bytes).
    Removing stm32f10x_tim.o(i.TIM_ClearOC1Ref), (18 bytes).
    Removing stm32f10x_tim.o(i.TIM_ClearOC2Ref), (24 bytes).
    Removing stm32f10x_tim.o(i.TIM_ClearOC3Ref), (18 bytes).
    Removing stm32f10x_tim.o(i.TIM_ClearOC4Ref), (24 bytes).
    Removing stm32f10x_tim.o(i.TIM_CounterModeConfig), (18 bytes).
    Removing stm32f10x_tim.o(i.TIM_CtrlPWMOutputs), (30 bytes).
    Removing stm32f10x_tim.o(i.TIM_DMACmd), (18 bytes).
    Removing stm32f10x_tim.o(i.TIM_DMAConfig), (10 bytes).
    Removing stm32f10x_tim.o(i.TIM_ETRClockMode1Config), (54 bytes).
    Removing stm32f10x_tim.o(i.TIM_ETRClockMode2Config), (32 bytes).
    Removing stm32f10x_tim.o(i.TIM_ETRConfig), (28 bytes).
    Removing stm32f10x_tim.o(i.TIM_EncoderInterfaceConfig), (66 bytes).
    Removing stm32f10x_tim.o(i.TIM_ForcedOC1Config), (18 bytes).
    Removing stm32f10x_tim.o(i.TIM_ForcedOC2Config), (26 bytes).
    Removing stm32f10x_tim.o(i.TIM_ForcedOC3Config), (18 bytes).
    Removing stm32f10x_tim.o(i.TIM_ForcedOC4Config), (26 bytes).
    Removing stm32f10x_tim.o(i.TIM_GenerateEvent), (4 bytes).
    Removing stm32f10x_tim.o(i.TIM_GetCapture1), (6 bytes).
    Removing stm32f10x_tim.o(i.TIM_GetCapture2), (6 bytes).
    Removing stm32f10x_tim.o(i.TIM_GetCapture3), (6 bytes).
    Removing stm32f10x_tim.o(i.TIM_GetCapture4), (8 bytes).
    Removing stm32f10x_tim.o(i.TIM_GetCounter), (6 bytes).
    Removing stm32f10x_tim.o(i.TIM_GetFlagStatus), (18 bytes).
    Removing stm32f10x_tim.o(i.TIM_GetPrescaler), (6 bytes).
    Removing stm32f10x_tim.o(i.TIM_ICInit), (172 bytes).
    Removing stm32f10x_tim.o(i.TIM_ICStructInit), (18 bytes).
    Removing stm32f10x_tim.o(i.TIM_ITRxExternalClockConfig), (24 bytes).
    Removing stm32f10x_tim.o(i.TIM_InternalClockConfig), (12 bytes).
    Removing stm32f10x_tim.o(i.TIM_OC1FastConfig), (18 bytes).
    Removing stm32f10x_tim.o(i.TIM_OC1Init), (152 bytes).
    Removing stm32f10x_tim.o(i.TIM_OC1NPolarityConfig), (18 bytes).
    Removing stm32f10x_tim.o(i.TIM_OC1PolarityConfig), (18 bytes).
    Removing stm32f10x_tim.o(i.TIM_OC1PreloadConfig), (18 bytes).
    Removing stm32f10x_tim.o(i.TIM_OC2FastConfig), (26 bytes).
    Removing stm32f10x_tim.o(i.TIM_OC2Init), (164 bytes).
    Removing stm32f10x_tim.o(i.TIM_OC2NPolarityConfig), (26 bytes).
    Removing stm32f10x_tim.o(i.TIM_OC2PolarityConfig), (26 bytes).
    Removing stm32f10x_tim.o(i.TIM_OC2PreloadConfig), (26 bytes).
    Removing stm32f10x_tim.o(i.TIM_OC3FastConfig), (18 bytes).
    Removing stm32f10x_tim.o(i.TIM_OC3Init), (160 bytes).
    Removing stm32f10x_tim.o(i.TIM_OC3NPolarityConfig), (26 bytes).
    Removing stm32f10x_tim.o(i.TIM_OC3PolarityConfig), (26 bytes).
    Removing stm32f10x_tim.o(i.TIM_OC3PreloadConfig), (18 bytes).
    Removing stm32f10x_tim.o(i.TIM_OC4FastConfig), (26 bytes).
    Removing stm32f10x_tim.o(i.TIM_OC4Init), (124 bytes).
    Removing stm32f10x_tim.o(i.TIM_OC4PolarityConfig), (26 bytes).
    Removing stm32f10x_tim.o(i.TIM_OC4PreloadConfig), (26 bytes).
    Removing stm32f10x_tim.o(i.TIM_OCStructInit), (20 bytes).
    Removing stm32f10x_tim.o(i.TIM_PWMIConfig), (124 bytes).
    Removing stm32f10x_tim.o(i.TIM_PrescalerConfig), (6 bytes).
    Removing stm32f10x_tim.o(i.TIM_SelectCCDMA), (24 bytes).
    Removing stm32f10x_tim.o(i.TIM_SelectCOM), (24 bytes).
    Removing stm32f10x_tim.o(i.TIM_SelectHallSensor), (24 bytes).
    Removing stm32f10x_tim.o(i.TIM_SelectInputTrigger), (18 bytes).
    Removing stm32f10x_tim.o(i.TIM_SelectMasterSlaveMode), (18 bytes).
    Removing stm32f10x_tim.o(i.TIM_SelectOCxM), (82 bytes).
    Removing stm32f10x_tim.o(i.TIM_SelectOnePulseMode), (18 bytes).
    Removing stm32f10x_tim.o(i.TIM_SelectOutputTrigger), (18 bytes).
    Removing stm32f10x_tim.o(i.TIM_SelectSlaveMode), (18 bytes).
    Removing stm32f10x_tim.o(i.TIM_SetAutoreload), (4 bytes).
    Removing stm32f10x_tim.o(i.TIM_SetClockDivision), (18 bytes).
    Removing stm32f10x_tim.o(i.TIM_SetCompare1), (4 bytes).
    Removing stm32f10x_tim.o(i.TIM_SetCompare2), (4 bytes).
    Removing stm32f10x_tim.o(i.TIM_SetCompare3), (4 bytes).
    Removing stm32f10x_tim.o(i.TIM_SetCompare4), (6 bytes).
    Removing stm32f10x_tim.o(i.TIM_SetCounter), (4 bytes).
    Removing stm32f10x_tim.o(i.TIM_SetIC1Prescaler), (18 bytes).
    Removing stm32f10x_tim.o(i.TIM_SetIC2Prescaler), (26 bytes).
    Removing stm32f10x_tim.o(i.TIM_SetIC3Prescaler), (18 bytes).
    Removing stm32f10x_tim.o(i.TIM_SetIC4Prescaler), (26 bytes).
    Removing stm32f10x_tim.o(i.TIM_TIxExternalClockConfig), (62 bytes).
    Removing stm32f10x_tim.o(i.TIM_TimeBaseStructInit), (18 bytes).
    Removing stm32f10x_tim.o(i.TIM_UpdateDisableConfig), (24 bytes).
    Removing stm32f10x_tim.o(i.TIM_UpdateRequestConfig), (24 bytes).
    Removing stm32f10x_usart.o(i.USART_ClearITPendingBit), (30 bytes).
    Removing stm32f10x_usart.o(i.USART_ClockInit), (34 bytes).
    Removing stm32f10x_usart.o(i.USART_ClockStructInit), (12 bytes).
    Removing stm32f10x_usart.o(i.USART_DMACmd), (18 bytes).
    Removing stm32f10x_usart.o(i.USART_DeInit), (156 bytes).
    Removing stm32f10x_usart.o(i.USART_HalfDuplexCmd), (24 bytes).
    Removing stm32f10x_usart.o(i.USART_IrDACmd), (24 bytes).
    Removing stm32f10x_usart.o(i.USART_IrDAConfig), (18 bytes).
    Removing stm32f10x_usart.o(i.USART_LINBreakDetectLengthConfig), (18 bytes).
    Removing stm32f10x_usart.o(i.USART_LINCmd), (24 bytes).
    Removing stm32f10x_usart.o(i.USART_OneBitMethodCmd), (24 bytes).
    Removing stm32f10x_usart.o(i.USART_OverSampling8Cmd), (22 bytes).
    Removing stm32f10x_usart.o(i.USART_ReceiverWakeUpCmd), (24 bytes).
    Removing stm32f10x_usart.o(i.USART_SendBreak), (10 bytes).
    Removing stm32f10x_usart.o(i.USART_SetAddress), (18 bytes).
    Removing stm32f10x_usart.o(i.USART_SetGuardTime), (16 bytes).
    Removing stm32f10x_usart.o(i.USART_SetPrescaler), (16 bytes).
    Removing stm32f10x_usart.o(i.USART_SmartCardCmd), (24 bytes).
    Removing stm32f10x_usart.o(i.USART_SmartCardNACKCmd), (24 bytes).
    Removing stm32f10x_usart.o(i.USART_StructInit), (24 bytes).
    Removing stm32f10x_usart.o(i.USART_WakeUpConfig), (18 bytes).
    Removing system_stm32f10x.o(i.SystemCoreClockUpdate), (164 bytes).
    Removing system_stm32f10x.o(.data), (20 bytes).
    Removing core_cm3.o(.emb_text), (32 bytes).
    Removing pin_config.o(i.callout_Detection), (380 bytes).
    Removing pin_config.o(i.callout_Detection_withoutComment), (632 bytes).
    Removing pin_config.o(i.user_Calling_Dectection_V3_firstEdition), (508 bytes).
    Removing pin_config.o(i.voltage_Detection_v3), (460 bytes).
    Removing led.o(i.LED_Init), (300 bytes).
    Removing led.o(i.LED_Write_Data), (68 bytes).
    Removing hp9170.o(i.array_storer), (32 bytes).
    Removing hp9170.o(i.decoding_One_Tone), (548 bytes).
    Removing df_player.o(i.adjust_Volume), (148 bytes).
    Removing df_player.o(i.trackPlayer), (112 bytes).
    Removing df_player.o(i.trackPlayer_V2), (320 bytes).
    Removing 24cxx.o(i.AT24CXX_Check), (46 bytes).
    Removing 24cxx.o(i.AT24CXX_Read), (34 bytes).
    Removing 24cxx.o(i.AT24CXX_ReadLenByte), (44 bytes).
    Removing 24cxx.o(i.AT24CXX_Write), (36 bytes).
    Removing 24cxx.o(i.AT24CXX_WriteLenByte), (42 bytes).
    Removing 24cxx.o(i.password_Setup), (78 bytes).
    Removing 24cxx.o(i.printout_Password_ForTesting), (236 bytes).
    Removing hp9200.o(i.dial_Phone_Number_all_Digit_ext), (56 bytes).
    Removing hp9200.o(i.home_dial_Phone_Number_all_Digit), (40 bytes).
    Removing hp9200.o(i.redialing_Sequence), (2 bytes).
    Removing usart.o(i.usart_Testing_Printing_Function), (68 bytes).

185 unused section(s) (total 10104 bytes) removed from the image.

==============================================================================

Image Symbol Table

    Local Symbols

    Symbol Name                              Value     Ov Type        Size  Object(Section)

    ../clib/microlib/division.c              0x00000000   Number         0  uldiv.o ABSOLUTE
    ../clib/microlib/division.c              0x00000000   Number         0  uidiv.o ABSOLUTE
    ../clib/microlib/init/entry.s            0x00000000   Number         0  entry11b.o ABSOLUTE
    ../clib/microlib/init/entry.s            0x00000000   Number         0  entry5.o ABSOLUTE
    ../clib/microlib/init/entry.s            0x00000000   Number         0  entry7a.o ABSOLUTE
    ../clib/microlib/init/entry.s            0x00000000   Number         0  entry7b.o ABSOLUTE
    ../clib/microlib/init/entry.s            0x00000000   Number         0  entry.o ABSOLUTE
    ../clib/microlib/init/entry.s            0x00000000   Number         0  entry8a.o ABSOLUTE
    ../clib/microlib/init/entry.s            0x00000000   Number         0  entry9a.o ABSOLUTE
    ../clib/microlib/init/entry.s            0x00000000   Number         0  entry11a.o ABSOLUTE
    ../clib/microlib/init/entry.s            0x00000000   Number         0  entry10b.o ABSOLUTE
    ../clib/microlib/init/entry.s            0x00000000   Number         0  entry8b.o ABSOLUTE
    ../clib/microlib/init/entry.s            0x00000000   Number         0  entry10a.o ABSOLUTE
    ../clib/microlib/init/entry.s            0x00000000   Number         0  entry9b.o ABSOLUTE
    ../clib/microlib/init/entry.s            0x00000000   Number         0  entry2.o ABSOLUTE
    ../clib/microlib/longlong.c              0x00000000   Number         0  llushr.o ABSOLUTE
    ../clib/microlib/longlong.c              0x00000000   Number         0  llsshr.o ABSOLUTE
    ../clib/microlib/longlong.c              0x00000000   Number         0  llshl.o ABSOLUTE
    ../clib/microlib/printf/printf.c         0x00000000   Number         0  printf2.o ABSOLUTE
    ../clib/microlib/printf/printf.c         0x00000000   Number         0  printf3.o ABSOLUTE
    ../clib/microlib/printf/printf.c         0x00000000   Number         0  printf4.o ABSOLUTE
    ../clib/microlib/printf/printf.c         0x00000000   Number         0  printf5.o ABSOLUTE
    ../clib/microlib/printf/printf.c         0x00000000   Number         0  printfb.o ABSOLUTE
    ../clib/microlib/printf/printf.c         0x00000000   Number         0  printf7.o ABSOLUTE
    ../clib/microlib/printf/printf.c         0x00000000   Number         0  printf6.o ABSOLUTE
    ../clib/microlib/printf/printf.c         0x00000000   Number         0  printf8.o ABSOLUTE
    ../clib/microlib/printf/printf.c         0x00000000   Number         0  printfa.o ABSOLUTE
    ../clib/microlib/printf/printf.c         0x00000000   Number         0  printf0.o ABSOLUTE
    ../clib/microlib/printf/printf.c         0x00000000   Number         0  printf1.o ABSOLUTE
    ../clib/microlib/printf/stubs.s          0x00000000   Number         0  stubs.o ABSOLUTE
    ../clib/microlib/stdio/streams.c         0x00000000   Number         0  stdout.o ABSOLUTE
    ../clib/microlib/stubs.s                 0x00000000   Number         0  iusefp.o ABSOLUTE
    ../fplib/microlib/d2f.c                  0x00000000   Number         0  d2f.o ABSOLUTE
    ../fplib/microlib/f2d.c                  0x00000000   Number         0  f2d.o ABSOLUTE
    ../fplib/microlib/fpadd.c                0x00000000   Number         0  dadd.o ABSOLUTE
    ../fplib/microlib/fpdiv.c                0x00000000   Number         0  ddiv.o ABSOLUTE
    ../fplib/microlib/fpepilogue.c           0x00000000   Number         0  depilogue.o ABSOLUTE
    ../fplib/microlib/fpepilogue.c           0x00000000   Number         0  fepilogue.o ABSOLUTE
    ../fplib/microlib/fpfix.c                0x00000000   Number         0  dfixul.o ABSOLUTE
    ../fplib/microlib/fpflt.c                0x00000000   Number         0  dfltui.o ABSOLUTE
    ../fplib/microlib/fpflt.c                0x00000000   Number         0  ffltui.o ABSOLUTE
    ../fplib/microlib/fpmul.c                0x00000000   Number         0  dmul.o ABSOLUTE
    APP\24Cxx\24cxx.c                        0x00000000   Number         0  24cxx.o ABSOLUTE
    APP\74HC595\74HC595.c                    0x00000000   Number         0  74hc595.o ABSOLUTE
    APP\DF_Player\DF_Player.c                0x00000000   Number         0  df_player.o ABSOLUTE
    APP\HP9170\HP9170.c                      0x00000000   Number         0  hp9170.o ABSOLUTE
    APP\HP9200\HP9200.c                      0x00000000   Number         0  hp9200.o ABSOLUTE
    APP\default_MCU_Pin_Setup\pin_Config.c   0x00000000   Number         0  pin_config.o ABSOLUTE
    APP\ds18b20\ds18b20.c                    0x00000000   Number         0  ds18b20.o ABSOLUTE
    APP\iic\iic.c                            0x00000000   Number         0  iic.o ABSOLUTE
    APP\led\led.c                            0x00000000   Number         0  led.o ABSOLUTE
    APP\timer\timer.c                        0x00000000   Number         0  timer.o ABSOLUTE
    Libraries\CMSIS\core_cm3.c               0x00000000   Number         0  core_cm3.o ABSOLUTE
    Libraries\CMSIS\startup_stm32f10x_md.s   0x00000000   Number         0  startup_stm32f10x_md.o ABSOLUTE
    Libraries\CMSIS\system_stm32f10x.c       0x00000000   Number         0  system_stm32f10x.o ABSOLUTE
    Libraries\STM32F10x_StdPeriph_Driver\src\misc.c 0x00000000   Number         0  misc.o ABSOLUTE
    Libraries\STM32F10x_StdPeriph_Driver\src\stm32f10x_exti.c 0x00000000   Number         0  stm32f10x_exti.o ABSOLUTE
    Libraries\STM32F10x_StdPeriph_Driver\src\stm32f10x_gpio.c 0x00000000   Number         0  stm32f10x_gpio.o ABSOLUTE
    Libraries\STM32F10x_StdPeriph_Driver\src\stm32f10x_rcc.c 0x00000000   Number         0  stm32f10x_rcc.o ABSOLUTE
    Libraries\STM32F10x_StdPeriph_Driver\src\stm32f10x_tim.c 0x00000000   Number         0  stm32f10x_tim.o ABSOLUTE
    Libraries\STM32F10x_StdPeriph_Driver\src\stm32f10x_usart.c 0x00000000   Number         0  stm32f10x_usart.o ABSOLUTE
    Libraries\\CMSIS\\core_cm3.c             0x00000000   Number         0  core_cm3.o ABSOLUTE
    Public\SysTick.c                         0x00000000   Number         0  systick.o ABSOLUTE
    Public\system.c                          0x00000000   Number         0  system.o ABSOLUTE
    Public\usart.c                           0x00000000   Number         0  usart.o ABSOLUTE
    User\main.c                              0x00000000   Number         0  main.o ABSOLUTE
    User\stm32f10x_it.c                      0x00000000   Number         0  stm32f10x_it.o ABSOLUTE
    cdrcmple.s                               0x00000000   Number         0  cdrcmple.o ABSOLUTE
    cfcmple.s                                0x00000000   Number         0  cfcmple.o ABSOLUTE
    cfrcmple.s                               0x00000000   Number         0  cfrcmple.o ABSOLUTE
    dc.s                                     0x00000000   Number         0  dc.o ABSOLUTE
    handlers.s                               0x00000000   Number         0  handlers.o ABSOLUTE
    init.s                                   0x00000000   Number         0  init.o ABSOLUTE
    RESET                                    0x08000000   Section      236  startup_stm32f10x_md.o(RESET)
    .ARM.Collect$$$$00000000                 0x080000ec   Section        0  entry.o(.ARM.Collect$$$$00000000)
    .ARM.Collect$$$$00000001                 0x080000ec   Section        4  entry2.o(.ARM.Collect$$$$00000001)
    .ARM.Collect$$$$00000004                 0x080000f0   Section        4  entry5.o(.ARM.Collect$$$$00000004)
    .ARM.Collect$$$$00000008                 0x080000f4   Section        0  entry7b.o(.ARM.Collect$$$$00000008)
    .ARM.Collect$$$$0000000A                 0x080000f4   Section        0  entry8b.o(.ARM.Collect$$$$0000000A)
    .ARM.Collect$$$$0000000B                 0x080000f4   Section        8  entry9a.o(.ARM.Collect$$$$0000000B)
    .ARM.Collect$$$$0000000D                 0x080000fc   Section        0  entry10a.o(.ARM.Collect$$$$0000000D)
    .ARM.Collect$$$$0000000F                 0x080000fc   Section        0  entry11a.o(.ARM.Collect$$$$0000000F)
    .ARM.Collect$$$$00002712                 0x080000fc   Section        4  entry2.o(.ARM.Collect$$$$00002712)
    __lit__00000000                          0x080000fc   Data           4  entry2.o(.ARM.Collect$$$$00002712)
    .text                                    0x08000100   Section       36  startup_stm32f10x_md.o(.text)
    .text                                    0x08000124   Section        0  dmul.o(.text)
    .text                                    0x08000208   Section        0  ffltui.o(.text)
    .text                                    0x08000212   Section        0  dfltui.o(.text)
    .text                                    0x0800022c   Section        0  f2d.o(.text)
    .text                                    0x08000252   Section        0  d2f.o(.text)
    .text                                    0x0800028c   Section       20  cfcmple.o(.text)
    .text                                    0x080002a0   Section       20  cfrcmple.o(.text)
    .text                                    0x080002b4   Section        0  uidiv.o(.text)
    .text                                    0x080002e0   Section        0  uldiv.o(.text)
    .text                                    0x08000342   Section        0  fepilogue.o(.text)
    .text                                    0x08000342   Section        0  iusefp.o(.text)
    .text                                    0x080003b0   Section        0  depilogue.o(.text)
    .text                                    0x0800046a   Section        0  dadd.o(.text)
    .text                                    0x080005b8   Section        0  ddiv.o(.text)
    .text                                    0x08000696   Section        0  dfixul.o(.text)
    .text                                    0x080006c8   Section       48  cdrcmple.o(.text)
    .text                                    0x080006f8   Section       36  init.o(.text)
    .text                                    0x0800071c   Section        0  llshl.o(.text)
    .text                                    0x0800073a   Section        0  llushr.o(.text)
    .text                                    0x0800075a   Section        0  llsshr.o(.text)
    i.AT24CXX_Init                           0x0800077e   Section        0  24cxx.o(i.AT24CXX_Init)
    i.AT24CXX_ReadOneByte                    0x08000786   Section        0  24cxx.o(i.AT24CXX_ReadOneByte)
    i.AT24CXX_WriteOneByte                   0x080007de   Section        0  24cxx.o(i.AT24CXX_WriteOneByte)
    i.BusFault_Handler                       0x0800082e   Section        0  stm32f10x_it.o(i.BusFault_Handler)
    i.DF_Player_Init                         0x08000834   Section        0  df_player.o(i.DF_Player_Init)
    i.DS18B20_Check                          0x080008b8   Section        0  ds18b20.o(i.DS18B20_Check)
    i.DS18B20_GetTemperture                  0x08000908   Section        0  ds18b20.o(i.DS18B20_GetTemperture)
    i.DS18B20_IO_IN                          0x08000988   Section        0  ds18b20.o(i.DS18B20_IO_IN)
    i.DS18B20_IO_OUT                         0x080009a8   Section        0  ds18b20.o(i.DS18B20_IO_OUT)
    i.DS18B20_Init                           0x080009cc   Section        0  ds18b20.o(i.DS18B20_Init)
    i.DS18B20_Read_Bit                       0x08000a00   Section        0  ds18b20.o(i.DS18B20_Read_Bit)
    i.DS18B20_Read_Byte                      0x08000a44   Section        0  ds18b20.o(i.DS18B20_Read_Byte)
    i.DS18B20_Reset                          0x08000a68   Section        0  ds18b20.o(i.DS18B20_Reset)
    i.DS18B20_Start                          0x08000a94   Section        0  ds18b20.o(i.DS18B20_Start)
    i.DS18B20_Write_Byte                     0x08000aac   Section        0  ds18b20.o(i.DS18B20_Write_Byte)
    i.DV_Checking                            0x08000b08   Section        0  pin_config.o(i.DV_Checking)
    i.DV_Checking_Simplified                 0x08000bac   Section        0  pin_config.o(i.DV_Checking_Simplified)
    i.DebugMon_Handler                       0x08000bcc   Section        0  stm32f10x_it.o(i.DebugMon_Handler)
    i.GPIO_Init                              0x08000bce   Section        0  stm32f10x_gpio.o(i.GPIO_Init)
    i.GPIO_PinRemapConfig                    0x08000ce4   Section        0  stm32f10x_gpio.o(i.GPIO_PinRemapConfig)
    i.HP9170_Init                            0x08000d74   Section        0  hp9170.o(i.HP9170_Init)
    i.HP9200_Init                            0x08000db0   Section        0  hp9200.o(i.HP9200_Init)
    i.HardFault_Handler                      0x08000df4   Section        0  stm32f10x_it.o(i.HardFault_Handler)
    i.IIC_Ack                                0x08000df8   Section        0  iic.o(i.IIC_Ack)
    i.IIC_Init                               0x08000e30   Section        0  iic.o(i.IIC_Init)
    i.IIC_NAck                               0x08000e7c   Section        0  iic.o(i.IIC_NAck)
    i.IIC_Read_Byte                          0x08000eb4   Section        0  iic.o(i.IIC_Read_Byte)
    i.IIC_Send_Byte                          0x08000f0c   Section        0  iic.o(i.IIC_Send_Byte)
    i.IIC_Start                              0x08000f70   Section        0  iic.o(i.IIC_Start)
    i.IIC_Stop                               0x08000fa8   Section        0  iic.o(i.IIC_Stop)
    i.IIC_Wait_Ack                           0x08000fe0   Section        0  iic.o(i.IIC_Wait_Ack)
    i.MemManage_Handler                      0x0800102c   Section        0  stm32f10x_it.o(i.MemManage_Handler)
    i.NMI_Handler                            0x08001030   Section        0  stm32f10x_it.o(i.NMI_Handler)
    i.NVIC_Init                              0x08001034   Section        0  misc.o(i.NVIC_Init)
    i.PendSV_Handler                         0x080010a4   Section        0  stm32f10x_it.o(i.PendSV_Handler)
    i.RCC_APB1PeriphClockCmd                 0x080010a8   Section        0  stm32f10x_rcc.o(i.RCC_APB1PeriphClockCmd)
    i.RCC_APB1PeriphResetCmd                 0x080010c8   Section        0  stm32f10x_rcc.o(i.RCC_APB1PeriphResetCmd)
    i.RCC_APB2PeriphClockCmd                 0x080010e8   Section        0  stm32f10x_rcc.o(i.RCC_APB2PeriphClockCmd)
    i.RCC_APB2PeriphResetCmd                 0x08001108   Section        0  stm32f10x_rcc.o(i.RCC_APB2PeriphResetCmd)
    i.RCC_GetClocksFreq                      0x08001128   Section        0  stm32f10x_rcc.o(i.RCC_GetClocksFreq)
    i.SDA_IN                                 0x080011fc   Section        0  iic.o(i.SDA_IN)
    i.SDA_OUT                                0x08001218   Section        0  iic.o(i.SDA_OUT)
    i.SVC_Handler                            0x0800123c   Section        0  stm32f10x_it.o(i.SVC_Handler)
    i.SetSysClock                            0x0800123e   Section        0  system_stm32f10x.o(i.SetSysClock)
    SetSysClock                              0x0800123f   Thumb Code     8  system_stm32f10x.o(i.SetSysClock)
    i.SetSysClockTo72                        0x08001248   Section        0  system_stm32f10x.o(i.SetSysClockTo72)
    SetSysClockTo72                          0x08001249   Thumb Code   214  system_stm32f10x.o(i.SetSysClockTo72)
    i.SysTick_CLKSourceConfig                0x08001328   Section        0  misc.o(i.SysTick_CLKSourceConfig)
    i.SysTick_Handler                        0x08001350   Section        0  stm32f10x_it.o(i.SysTick_Handler)
    i.SysTick_Init                           0x08001354   Section        0  systick.o(i.SysTick_Init)
    i.SystemInit                             0x08001390   Section        0  system_stm32f10x.o(i.SystemInit)
    i.TIM3_IRQHandler                        0x080013f0   Section        0  timer.o(i.TIM3_IRQHandler)
    i.TIM4_IRQHandler                        0x08001434   Section        0  timer.o(i.TIM4_IRQHandler)
    i.TIM_ClearFlag                          0x08001480   Section        0  stm32f10x_tim.o(i.TIM_ClearFlag)
    i.TIM_ClearITPendingBit                  0x08001486   Section        0  stm32f10x_tim.o(i.TIM_ClearITPendingBit)
    i.TIM_Cmd                                0x0800148c   Section        0  stm32f10x_tim.o(i.TIM_Cmd)
    i.TIM_DeInit                             0x080014a4   Section        0  stm32f10x_tim.o(i.TIM_DeInit)
    i.TIM_GetITStatus                        0x0800168c   Section        0  stm32f10x_tim.o(i.TIM_GetITStatus)
    i.TIM_ITConfig                           0x080016ae   Section        0  stm32f10x_tim.o(i.TIM_ITConfig)
    i.TIM_TimeBaseInit                       0x080016c0   Section        0  stm32f10x_tim.o(i.TIM_TimeBaseInit)
    i.USART1_IRQHandler                      0x08001764   Section        0  usart.o(i.USART1_IRQHandler)
    i.USART1_Init                            0x080017bc   Section        0  usart.o(i.USART1_Init)
    i.USART_ClearFlag                        0x0800186c   Section        0  stm32f10x_usart.o(i.USART_ClearFlag)
    i.USART_Cmd                              0x0800187e   Section        0  stm32f10x_usart.o(i.USART_Cmd)
    i.USART_GetFlagStatus                    0x08001896   Section        0  stm32f10x_usart.o(i.USART_GetFlagStatus)
    i.USART_GetITStatus                      0x080018b0   Section        0  stm32f10x_usart.o(i.USART_GetITStatus)
    i.USART_ITConfig                         0x08001904   Section        0  stm32f10x_usart.o(i.USART_ITConfig)
    i.USART_Init                             0x08001950   Section        0  stm32f10x_usart.o(i.USART_Init)
    i.USART_ReceiveData                      0x08001a28   Section        0  stm32f10x_usart.o(i.USART_ReceiveData)
    i.USART_SendData                         0x08001a32   Section        0  stm32f10x_usart.o(i.USART_SendData)
    i.UsageFault_Handler                     0x08001a3a   Section        0  stm32f10x_it.o(i.UsageFault_Handler)
    i.__0printf                              0x08001a40   Section        0  printfa.o(i.__0printf)
    i.__scatterload_copy                     0x08001a60   Section       14  handlers.o(i.__scatterload_copy)
    i.__scatterload_null                     0x08001a6e   Section        2  handlers.o(i.__scatterload_null)
    i.__scatterload_zeroinit                 0x08001a70   Section       14  handlers.o(i.__scatterload_zeroinit)
    i._fp_digits                             0x08001a80   Section        0  printfa.o(i._fp_digits)
    _fp_digits                               0x08001a81   Thumb Code   366  printfa.o(i._fp_digits)
    i._printf_core                           0x08001c04   Section        0  printfa.o(i._printf_core)
    _printf_core                             0x08001c05   Thumb Code  1744  printfa.o(i._printf_core)
    i._printf_post_padding                   0x080022e0   Section        0  printfa.o(i._printf_post_padding)
    _printf_post_padding                     0x080022e1   Thumb Code    36  printfa.o(i._printf_post_padding)
    i._printf_pre_padding                    0x08002304   Section        0  printfa.o(i._printf_pre_padding)
    _printf_pre_padding                      0x08002305   Thumb Code    46  printfa.o(i._printf_pre_padding)
    i.callout_Detection_mod                  0x08002334   Section        0  pin_config.o(i.callout_Detection_mod)
    i.check_Data_validity                    0x08002518   Section        0  24cxx.o(i.check_Data_validity)
    i.decoding_One_Tone_with_DVcontrol       0x080025d0   Section        0  hp9170.o(i.decoding_One_Tone_with_DVcontrol)
    i.delay_ms                               0x080028a0   Section        0  systick.o(i.delay_ms)
    i.delay_us                               0x080028ec   Section        0  systick.o(i.delay_us)
    i.dial_Phone_Number_all_Digit            0x08002938   Section        0  hp9200.o(i.dial_Phone_Number_all_Digit)
    i.dial_one_number                        0x08002960   Section        0  hp9200.o(i.dial_one_number)
    i.fputc                                  0x08002b64   Section        0  usart.o(i.fputc)
    i.goingInto_Control_Input_Reader         0x08002b88   Section        0  hp9200.o(i.goingInto_Control_Input_Reader)
    i.heat_Detection                         0x08002bec   Section        0  ds18b20.o(i.heat_Detection)
    i.home_phoneNumber_Filler_from24C02      0x08002ca8   Section        0  hp9200.o(i.home_phoneNumber_Filler_from24C02)
    i.main                                   0x08002cc8   Section        0  main.o(i.main)
    i.password_Filler_from24C02              0x08002f70   Section        0  24cxx.o(i.password_Filler_from24C02)
    i.password_Matches_orNot                 0x08002f90   Section        0  hp9170.o(i.password_Matches_orNot)
    i.password_Sequence                      0x080030c4   Section        0  hp9170.o(i.password_Sequence)
    i.phoneNumber_Filler_from24C02           0x08003150   Section        0  hp9200.o(i.phoneNumber_Filler_from24C02)
    i.pin_Setup                              0x08003170   Section        0  pin_config.o(i.pin_Setup)
    i.play_One_Track                         0x080031e0   Section        0  df_player.o(i.play_One_Track)
    i.power_Outage_Detection                 0x08003284   Section        0  pin_config.o(i.power_Outage_Detection)
    i.relay_Action                           0x080032b8   Section        0  74hc595.o(i.relay_Action)
    i.relay_Controller                       0x080035b0   Section        0  74hc595.o(i.relay_Controller)
    i.the_74HC595_Init                       0x0800366c   Section        0  74hc595.o(i.the_74HC595_Init)
    i.the_74HC595_Output                     0x080036f0   Section        0  74hc595.o(i.the_74HC595_Output)
    i.timer_Init                             0x08003748   Section        0  timer.o(i.timer_Init)
    i.timer_Init_Timer3                      0x080037c8   Section        0  timer.o(i.timer_Init_Timer3)
    i.two_User_Input_Sequence_V2             0x08003848   Section        0  hp9170.o(i.two_User_Input_Sequence_V2)
    i.user_Typein_Password                   0x08003b20   Section        0  hp9170.o(i.user_Typein_Password)
    i.voltage_Detection_v5                   0x08003c9c   Section        0  pin_config.o(i.voltage_Detection_v5)
    .data                                    0x20000000   Section       20  stm32f10x_rcc.o(.data)
    APBAHBPrescTable                         0x20000000   Data          16  stm32f10x_rcc.o(.data)
    ADCPrescTable                            0x20000010   Data           4  stm32f10x_rcc.o(.data)
    .data                                    0x20000014   Section        2  pin_config.o(.data)
    .data                                    0x20000016   Section       10  hp9170.o(.data)
    .data                                    0x20000020   Section        1  timer.o(.data)
    .data                                    0x20000021   Section        7  74hc595.o(.data)
    .data                                    0x20000028   Section        3  24cxx.o(.data)
    .data                                    0x2000002b   Section        9  hp9200.o(.data)
    .data                                    0x20000034   Section        2  ds18b20.o(.data)
    .data                                    0x20000036   Section        4  systick.o(.data)
    fac_us                                   0x20000036   Data           1  systick.o(.data)
    fac_ms                                   0x20000038   Data           2  systick.o(.data)
    .data                                    0x2000003a   Section        4  usart.o(.data)
    .data                                    0x20000040   Section        4  stdout.o(.data)
    .bss                                     0x20000044   Section       15  24cxx.o(.bss)
    .bss                                     0x20000053   Section       10  hp9200.o(.bss)
    .bss                                     0x2000005d   Section      222  usart.o(.bss)
    STACK                                    0x20000140   Section     1024  startup_stm32f10x_md.o(STACK)

    Global Symbols

    Symbol Name                              Value     Ov Type        Size  Object(Section)

    BuildAttributes$$THM_ISAv4$P$D$K$B$S$PE$A:L22UL41UL21$X:L11$S22US41US21$IEEE1$IW$USESV6$~STKCKD$USESV7$~SHL$OTIME$ROPI$EBA8$MICROLIB$REQ8$PRES8$EABIv2 0x00000000   Number         0  anon$$obj.o ABSOLUTE
    __ARM_use_no_argv                        0x00000000   Number         0  main.o ABSOLUTE
    _printf_a                                0x00000000   Number         0  stubs.o ABSOLUTE
    _printf_c                                0x00000000   Number         0  stubs.o ABSOLUTE
    _printf_charcount                        0x00000000   Number         0  stubs.o ABSOLUTE
    _printf_d                                0x00000000   Number         0  stubs.o ABSOLUTE
    _printf_e                                0x00000000   Number         0  stubs.o ABSOLUTE
    _printf_f                                0x00000000   Number         0  stubs.o ABSOLUTE
    _printf_flags                            0x00000000   Number         0  stubs.o ABSOLUTE
    _printf_fp_dec                           0x00000000   Number         0  stubs.o ABSOLUTE
    _printf_fp_hex                           0x00000000   Number         0  stubs.o ABSOLUTE
    _printf_g                                0x00000000   Number         0  stubs.o ABSOLUTE
    _printf_i                                0x00000000   Number         0  stubs.o ABSOLUTE
    _printf_int_dec                          0x00000000   Number         0  stubs.o ABSOLUTE
    _printf_l                                0x00000000   Number         0  stubs.o ABSOLUTE
    _printf_lc                               0x00000000   Number         0  stubs.o ABSOLUTE
    _printf_ll                               0x00000000   Number         0  stubs.o ABSOLUTE
    _printf_lld                              0x00000000   Number         0  stubs.o ABSOLUTE
    _printf_lli                              0x00000000   Number         0  stubs.o ABSOLUTE
    _printf_llo                              0x00000000   Number         0  stubs.o ABSOLUTE
    _printf_llu                              0x00000000   Number         0  stubs.o ABSOLUTE
    _printf_llx                              0x00000000   Number         0  stubs.o ABSOLUTE
    _printf_longlong_dec                     0x00000000   Number         0  stubs.o ABSOLUTE
    _printf_longlong_hex                     0x00000000   Number         0  stubs.o ABSOLUTE
    _printf_longlong_oct                     0x00000000   Number         0  stubs.o ABSOLUTE
    _printf_ls                               0x00000000   Number         0  stubs.o ABSOLUTE
    _printf_mbtowc                           0x00000000   Number         0  stubs.o ABSOLUTE
    _printf_n                                0x00000000   Number         0  stubs.o ABSOLUTE
    _printf_o                                0x00000000   Number         0  stubs.o ABSOLUTE
    _printf_p                                0x00000000   Number         0  stubs.o ABSOLUTE
    _printf_percent                          0x00000000   Number         0  stubs.o ABSOLUTE
    _printf_pre_padding                      0x00000000   Number         0  stubs.o ABSOLUTE
    _printf_return_value                     0x00000000   Number         0  stubs.o ABSOLUTE
    _printf_s                                0x00000000   Number         0  stubs.o ABSOLUTE
    _printf_sizespec                         0x00000000   Number         0  stubs.o ABSOLUTE
    _printf_str                              0x00000000   Number         0  stubs.o ABSOLUTE
    _printf_truncate_signed                  0x00000000   Number         0  stubs.o ABSOLUTE
    _printf_truncate_unsigned                0x00000000   Number         0  stubs.o ABSOLUTE
    _printf_u                                0x00000000   Number         0  stubs.o ABSOLUTE
    _printf_wc                               0x00000000   Number         0  stubs.o ABSOLUTE
    _printf_wctomb                           0x00000000   Number         0  stubs.o ABSOLUTE
    _printf_widthprec                        0x00000000   Number         0  stubs.o ABSOLUTE
    _printf_x                                0x00000000   Number         0  stubs.o ABSOLUTE
    __cpp_initialize__aeabi_                  - Undefined Weak Reference
    __cxa_finalize                            - Undefined Weak Reference
    __decompress                              - Undefined Weak Reference
    _clock_init                               - Undefined Weak Reference
    _microlib_exit                            - Undefined Weak Reference
    __Vectors_Size                           0x000000ec   Number         0  startup_stm32f10x_md.o ABSOLUTE
    __Vectors                                0x08000000   Data           4  startup_stm32f10x_md.o(RESET)
    __Vectors_End                            0x080000ec   Data           0  startup_stm32f10x_md.o(RESET)
    __main                                   0x080000ed   Thumb Code     0  entry.o(.ARM.Collect$$$$00000000)
    _main_stk                                0x080000ed   Thumb Code     0  entry2.o(.ARM.Collect$$$$00000001)
    _main_scatterload                        0x080000f1   Thumb Code     0  entry5.o(.ARM.Collect$$$$00000004)
    __main_after_scatterload                 0x080000f5   Thumb Code     0  entry5.o(.ARM.Collect$$$$00000004)
    _main_clock                              0x080000f5   Thumb Code     0  entry7b.o(.ARM.Collect$$$$00000008)
    _main_cpp_init                           0x080000f5   Thumb Code     0  entry8b.o(.ARM.Collect$$$$0000000A)
    _main_init                               0x080000f5   Thumb Code     0  entry9a.o(.ARM.Collect$$$$0000000B)
    __rt_final_cpp                           0x080000fd   Thumb Code     0  entry10a.o(.ARM.Collect$$$$0000000D)
    __rt_final_exit                          0x080000fd   Thumb Code     0  entry11a.o(.ARM.Collect$$$$0000000F)
    Reset_Handler                            0x08000101   Thumb Code     8  startup_stm32f10x_md.o(.text)
    ADC1_2_IRQHandler                        0x0800011b   Thumb Code     0  startup_stm32f10x_md.o(.text)
    CAN1_RX1_IRQHandler                      0x0800011b   Thumb Code     0  startup_stm32f10x_md.o(.text)
    CAN1_SCE_IRQHandler                      0x0800011b   Thumb Code     0  startup_stm32f10x_md.o(.text)
    DMA1_Channel1_IRQHandler                 0x0800011b   Thumb Code     0  startup_stm32f10x_md.o(.text)
    DMA1_Channel2_IRQHandler                 0x0800011b   Thumb Code     0  startup_stm32f10x_md.o(.text)
    DMA1_Channel3_IRQHandler                 0x0800011b   Thumb Code     0  startup_stm32f10x_md.o(.text)
    DMA1_Channel4_IRQHandler                 0x0800011b   Thumb Code     0  startup_stm32f10x_md.o(.text)
    DMA1_Channel5_IRQHandler                 0x0800011b   Thumb Code     0  startup_stm32f10x_md.o(.text)
    DMA1_Channel6_IRQHandler                 0x0800011b   Thumb Code     0  startup_stm32f10x_md.o(.text)
    DMA1_Channel7_IRQHandler                 0x0800011b   Thumb Code     0  startup_stm32f10x_md.o(.text)
    EXTI0_IRQHandler                         0x0800011b   Thumb Code     0  startup_stm32f10x_md.o(.text)
    EXTI15_10_IRQHandler                     0x0800011b   Thumb Code     0  startup_stm32f10x_md.o(.text)
    EXTI1_IRQHandler                         0x0800011b   Thumb Code     0  startup_stm32f10x_md.o(.text)
    EXTI2_IRQHandler                         0x0800011b   Thumb Code     0  startup_stm32f10x_md.o(.text)
    EXTI3_IRQHandler                         0x0800011b   Thumb Code     0  startup_stm32f10x_md.o(.text)
    EXTI4_IRQHandler                         0x0800011b   Thumb Code     0  startup_stm32f10x_md.o(.text)
    EXTI9_5_IRQHandler                       0x0800011b   Thumb Code     0  startup_stm32f10x_md.o(.text)
    FLASH_IRQHandler                         0x0800011b   Thumb Code     0  startup_stm32f10x_md.o(.text)
    I2C1_ER_IRQHandler                       0x0800011b   Thumb Code     0  startup_stm32f10x_md.o(.text)
    I2C1_EV_IRQHandler                       0x0800011b   Thumb Code     0  startup_stm32f10x_md.o(.text)
    I2C2_ER_IRQHandler                       0x0800011b   Thumb Code     0  startup_stm32f10x_md.o(.text)
    I2C2_EV_IRQHandler                       0x0800011b   Thumb Code     0  startup_stm32f10x_md.o(.text)
    PVD_IRQHandler                           0x0800011b   Thumb Code     0  startup_stm32f10x_md.o(.text)
    RCC_IRQHandler                           0x0800011b   Thumb Code     0  startup_stm32f10x_md.o(.text)
    RTCAlarm_IRQHandler                      0x0800011b   Thumb Code     0  startup_stm32f10x_md.o(.text)
    RTC_IRQHandler                           0x0800011b   Thumb Code     0  startup_stm32f10x_md.o(.text)
    SPI1_IRQHandler                          0x0800011b   Thumb Code     0  startup_stm32f10x_md.o(.text)
    SPI2_IRQHandler                          0x0800011b   Thumb Code     0  startup_stm32f10x_md.o(.text)
    TAMPER_IRQHandler                        0x0800011b   Thumb Code     0  startup_stm32f10x_md.o(.text)
    TIM1_BRK_IRQHandler                      0x0800011b   Thumb Code     0  startup_stm32f10x_md.o(.text)
    TIM1_CC_IRQHandler                       0x0800011b   Thumb Code     0  startup_stm32f10x_md.o(.text)
    TIM1_TRG_COM_IRQHandler                  0x0800011b   Thumb Code     0  startup_stm32f10x_md.o(.text)
    TIM1_UP_IRQHandler                       0x0800011b   Thumb Code     0  startup_stm32f10x_md.o(.text)
    TIM2_IRQHandler                          0x0800011b   Thumb Code     0  startup_stm32f10x_md.o(.text)
    USART2_IRQHandler                        0x0800011b   Thumb Code     0  startup_stm32f10x_md.o(.text)
    USART3_IRQHandler                        0x0800011b   Thumb Code     0  startup_stm32f10x_md.o(.text)
    USBWakeUp_IRQHandler                     0x0800011b   Thumb Code     0  startup_stm32f10x_md.o(.text)
    USB_HP_CAN1_TX_IRQHandler                0x0800011b   Thumb Code     0  startup_stm32f10x_md.o(.text)
    USB_LP_CAN1_RX0_IRQHandler               0x0800011b   Thumb Code     0  startup_stm32f10x_md.o(.text)
    WWDG_IRQHandler                          0x0800011b   Thumb Code     0  startup_stm32f10x_md.o(.text)
    __aeabi_dmul                             0x08000125   Thumb Code   228  dmul.o(.text)
    __aeabi_ui2f                             0x08000209   Thumb Code    10  ffltui.o(.text)
    __aeabi_ui2d                             0x08000213   Thumb Code    26  dfltui.o(.text)
    __aeabi_f2d                              0x0800022d   Thumb Code    38  f2d.o(.text)
    __aeabi_d2f                              0x08000253   Thumb Code    56  d2f.o(.text)
    __aeabi_cfcmpeq                          0x0800028d   Thumb Code     0  cfcmple.o(.text)
    __aeabi_cfcmple                          0x0800028d   Thumb Code    20  cfcmple.o(.text)
    __aeabi_cfrcmple                         0x080002a1   Thumb Code    20  cfrcmple.o(.text)
    __aeabi_uidiv                            0x080002b5   Thumb Code     0  uidiv.o(.text)
    __aeabi_uidivmod                         0x080002b5   Thumb Code    44  uidiv.o(.text)
    __aeabi_uldivmod                         0x080002e1   Thumb Code    98  uldiv.o(.text)
    __I$use$fp                               0x08000343   Thumb Code     0  iusefp.o(.text)
    _float_round                             0x08000343   Thumb Code    18  fepilogue.o(.text)
    _float_epilogue                          0x08000355   Thumb Code    92  fepilogue.o(.text)
    _double_round                            0x080003b1   Thumb Code    30  depilogue.o(.text)
    _double_epilogue                         0x080003cf   Thumb Code   156  depilogue.o(.text)
    __aeabi_dadd                             0x0800046b   Thumb Code   322  dadd.o(.text)
    __aeabi_dsub                             0x080005ad   Thumb Code     6  dadd.o(.text)
    __aeabi_drsub                            0x080005b3   Thumb Code     6  dadd.o(.text)
    __aeabi_ddiv                             0x080005b9   Thumb Code   222  ddiv.o(.text)
    __aeabi_d2ulz                            0x08000697   Thumb Code    48  dfixul.o(.text)
    __aeabi_cdrcmple                         0x080006c9   Thumb Code    48  cdrcmple.o(.text)
    __scatterload                            0x080006f9   Thumb Code    28  init.o(.text)
    __scatterload_rt2                        0x080006f9   Thumb Code     0  init.o(.text)
    __aeabi_llsl                             0x0800071d   Thumb Code    30  llshl.o(.text)
    _ll_shift_l                              0x0800071d   Thumb Code     0  llshl.o(.text)
    __aeabi_llsr                             0x0800073b   Thumb Code    32  llushr.o(.text)
    _ll_ushift_r                             0x0800073b   Thumb Code     0  llushr.o(.text)
    __aeabi_lasr                             0x0800075b   Thumb Code    36  llsshr.o(.text)
    _ll_sshift_r                             0x0800075b   Thumb Code     0  llsshr.o(.text)
    AT24CXX_Init                             0x0800077f   Thumb Code     8  24cxx.o(i.AT24CXX_Init)
    AT24CXX_ReadOneByte                      0x08000787   Thumb Code    88  24cxx.o(i.AT24CXX_ReadOneByte)
    AT24CXX_WriteOneByte                     0x080007df   Thumb Code    80  24cxx.o(i.AT24CXX_WriteOneByte)
    BusFault_Handler                         0x0800082f   Thumb Code     4  stm32f10x_it.o(i.BusFault_Handler)
    DF_Player_Init                           0x08000835   Thumb Code   122  df_player.o(i.DF_Player_Init)
    DS18B20_Check                            0x080008b9   Thumb Code    74  ds18b20.o(i.DS18B20_Check)
    DS18B20_GetTemperture                    0x08000909   Thumb Code   120  ds18b20.o(i.DS18B20_GetTemperture)
    DS18B20_IO_IN                            0x08000989   Thumb Code    26  ds18b20.o(i.DS18B20_IO_IN)
    DS18B20_IO_OUT                           0x080009a9   Thumb Code    32  ds18b20.o(i.DS18B20_IO_OUT)
    DS18B20_Init                             0x080009cd   Thumb Code    48  ds18b20.o(i.DS18B20_Init)
    DS18B20_Read_Bit                         0x08000a01   Thumb Code    60  ds18b20.o(i.DS18B20_Read_Bit)
    DS18B20_Read_Byte                        0x08000a45   Thumb Code    34  ds18b20.o(i.DS18B20_Read_Byte)
    DS18B20_Reset                            0x08000a69   Thumb Code    36  ds18b20.o(i.DS18B20_Reset)
    DS18B20_Start                            0x08000a95   Thumb Code    24  ds18b20.o(i.DS18B20_Start)
    DS18B20_Write_Byte                       0x08000aad   Thumb Code    84  ds18b20.o(i.DS18B20_Write_Byte)
    DV_Checking                              0x08000b09   Thumb Code   152  pin_config.o(i.DV_Checking)
    DV_Checking_Simplified                   0x08000bad   Thumb Code    26  pin_config.o(i.DV_Checking_Simplified)
    DebugMon_Handler                         0x08000bcd   Thumb Code     2  stm32f10x_it.o(i.DebugMon_Handler)
    GPIO_Init                                0x08000bcf   Thumb Code   278  stm32f10x_gpio.o(i.GPIO_Init)
    GPIO_PinRemapConfig                      0x08000ce5   Thumb Code   138  stm32f10x_gpio.o(i.GPIO_PinRemapConfig)
    HP9170_Init                              0x08000d75   Thumb Code    56  hp9170.o(i.HP9170_Init)
    HP9200_Init                              0x08000db1   Thumb Code    56  hp9200.o(i.HP9200_Init)
    HardFault_Handler                        0x08000df5   Thumb Code     4  stm32f10x_it.o(i.HardFault_Handler)
    IIC_Ack                                  0x08000df9   Thumb Code    48  iic.o(i.IIC_Ack)
    IIC_Init                                 0x08000e31   Thumb Code    64  iic.o(i.IIC_Init)
    IIC_NAck                                 0x08000e7d   Thumb Code    48  iic.o(i.IIC_NAck)
    IIC_Read_Byte                            0x08000eb5   Thumb Code    80  iic.o(i.IIC_Read_Byte)
    IIC_Send_Byte                            0x08000f0d   Thumb Code    90  iic.o(i.IIC_Send_Byte)
    IIC_Start                                0x08000f71   Thumb Code    46  iic.o(i.IIC_Start)
    IIC_Stop                                 0x08000fa9   Thumb Code    46  iic.o(i.IIC_Stop)
    IIC_Wait_Ack                             0x08000fe1   Thumb Code    68  iic.o(i.IIC_Wait_Ack)
    MemManage_Handler                        0x0800102d   Thumb Code     4  stm32f10x_it.o(i.MemManage_Handler)
    NMI_Handler                              0x08001031   Thumb Code     2  stm32f10x_it.o(i.NMI_Handler)
    NVIC_Init                                0x08001035   Thumb Code   100  misc.o(i.NVIC_Init)
    PendSV_Handler                           0x080010a5   Thumb Code     2  stm32f10x_it.o(i.PendSV_Handler)
    RCC_APB1PeriphClockCmd                   0x080010a9   Thumb Code    26  stm32f10x_rcc.o(i.RCC_APB1PeriphClockCmd)
    RCC_APB1PeriphResetCmd                   0x080010c9   Thumb Code    26  stm32f10x_rcc.o(i.RCC_APB1PeriphResetCmd)
    RCC_APB2PeriphClockCmd                   0x080010e9   Thumb Code    26  stm32f10x_rcc.o(i.RCC_APB2PeriphClockCmd)
    RCC_APB2PeriphResetCmd                   0x08001109   Thumb Code    26  stm32f10x_rcc.o(i.RCC_APB2PeriphResetCmd)
    RCC_GetClocksFreq                        0x08001129   Thumb Code   192  stm32f10x_rcc.o(i.RCC_GetClocksFreq)
    SDA_IN                                   0x080011fd   Thumb Code    24  iic.o(i.SDA_IN)
    SDA_OUT                                  0x08001219   Thumb Code    30  iic.o(i.SDA_OUT)
    SVC_Handler                              0x0800123d   Thumb Code     2  stm32f10x_it.o(i.SVC_Handler)
    SysTick_CLKSourceConfig                  0x08001329   Thumb Code    40  misc.o(i.SysTick_CLKSourceConfig)
    SysTick_Handler                          0x08001351   Thumb Code     2  stm32f10x_it.o(i.SysTick_Handler)
    SysTick_Init                             0x08001355   Thumb Code    52  systick.o(i.SysTick_Init)
    SystemInit                               0x08001391   Thumb Code    78  system_stm32f10x.o(i.SystemInit)
    TIM3_IRQHandler                          0x080013f1   Thumb Code    34  timer.o(i.TIM3_IRQHandler)
    TIM4_IRQHandler                          0x08001435   Thumb Code    38  timer.o(i.TIM4_IRQHandler)
    TIM_ClearFlag                            0x08001481   Thumb Code     6  stm32f10x_tim.o(i.TIM_ClearFlag)
    TIM_ClearITPendingBit                    0x08001487   Thumb Code     6  stm32f10x_tim.o(i.TIM_ClearITPendingBit)
    TIM_Cmd                                  0x0800148d   Thumb Code    24  stm32f10x_tim.o(i.TIM_Cmd)
    TIM_DeInit                               0x080014a5   Thumb Code   424  stm32f10x_tim.o(i.TIM_DeInit)
    TIM_GetITStatus                          0x0800168d   Thumb Code    34  stm32f10x_tim.o(i.TIM_GetITStatus)
    TIM_ITConfig                             0x080016af   Thumb Code    18  stm32f10x_tim.o(i.TIM_ITConfig)
    TIM_TimeBaseInit                         0x080016c1   Thumb Code   122  stm32f10x_tim.o(i.TIM_TimeBaseInit)
    USART1_IRQHandler                        0x08001765   Thumb Code    76  usart.o(i.USART1_IRQHandler)
    USART1_Init                              0x080017bd   Thumb Code   166  usart.o(i.USART1_Init)
    USART_ClearFlag                          0x0800186d   Thumb Code    18  stm32f10x_usart.o(i.USART_ClearFlag)
    USART_Cmd                                0x0800187f   Thumb Code    24  stm32f10x_usart.o(i.USART_Cmd)
    USART_GetFlagStatus                      0x08001897   Thumb Code    26  stm32f10x_usart.o(i.USART_GetFlagStatus)
    USART_GetITStatus                        0x080018b1   Thumb Code    84  stm32f10x_usart.o(i.USART_GetITStatus)
    USART_ITConfig                           0x08001905   Thumb Code    74  stm32f10x_usart.o(i.USART_ITConfig)
    USART_Init                               0x08001951   Thumb Code   210  stm32f10x_usart.o(i.USART_Init)
    USART_ReceiveData                        0x08001a29   Thumb Code    10  stm32f10x_usart.o(i.USART_ReceiveData)
    USART_SendData                           0x08001a33   Thumb Code     8  stm32f10x_usart.o(i.USART_SendData)
    UsageFault_Handler                       0x08001a3b   Thumb Code     4  stm32f10x_it.o(i.UsageFault_Handler)
    __0printf                                0x08001a41   Thumb Code    22  printfa.o(i.__0printf)
    __1printf                                0x08001a41   Thumb Code     0  printfa.o(i.__0printf)
    __2printf                                0x08001a41   Thumb Code     0  printfa.o(i.__0printf)
    __c89printf                              0x08001a41   Thumb Code     0  printfa.o(i.__0printf)
    printf                                   0x08001a41   Thumb Code     0  printfa.o(i.__0printf)
    __scatterload_copy                       0x08001a61   Thumb Code    14  handlers.o(i.__scatterload_copy)
    __scatterload_null                       0x08001a6f   Thumb Code     2  handlers.o(i.__scatterload_null)
    __scatterload_zeroinit                   0x08001a71   Thumb Code    14  handlers.o(i.__scatterload_zeroinit)
    callout_Detection_mod                    0x08002335   Thumb Code   376  pin_config.o(i.callout_Detection_mod)
    check_Data_validity                      0x08002519   Thumb Code   166  24cxx.o(i.check_Data_validity)
    decoding_One_Tone_with_DVcontrol         0x080025d1   Thumb Code   396  hp9170.o(i.decoding_One_Tone_with_DVcontrol)
    delay_ms                                 0x080028a1   Thumb Code    72  systick.o(i.delay_ms)
    delay_us                                 0x080028ed   Thumb Code    72  systick.o(i.delay_us)
    dial_Phone_Number_all_Digit              0x08002939   Thumb Code    32  hp9200.o(i.dial_Phone_Number_all_Digit)
    dial_one_number                          0x08002961   Thumb Code   506  hp9200.o(i.dial_one_number)
    fputc                                    0x08002b65   Thumb Code    32  usart.o(i.fputc)
    goingInto_Control_Input_Reader           0x08002b89   Thumb Code    90  hp9200.o(i.goingInto_Control_Input_Reader)
    heat_Detection                           0x08002bed   Thumb Code   164  ds18b20.o(i.heat_Detection)
    home_phoneNumber_Filler_from24C02        0x08002ca9   Thumb Code    28  hp9200.o(i.home_phoneNumber_Filler_from24C02)
    main                                     0x08002cc9   Thumb Code   468  main.o(i.main)
    password_Filler_from24C02                0x08002f71   Thumb Code    28  24cxx.o(i.password_Filler_from24C02)
    password_Matches_orNot                   0x08002f91   Thumb Code   252  hp9170.o(i.password_Matches_orNot)
    password_Sequence                        0x080030c5   Thumb Code    84  hp9170.o(i.password_Sequence)
    phoneNumber_Filler_from24C02             0x08003151   Thumb Code    28  hp9200.o(i.phoneNumber_Filler_from24C02)
    pin_Setup                                0x08003171   Thumb Code   100  pin_config.o(i.pin_Setup)
    play_One_Track                           0x080031e1   Thumb Code   158  df_player.o(i.play_One_Track)
    power_Outage_Detection                   0x08003285   Thumb Code    30  pin_config.o(i.power_Outage_Detection)
    relay_Action                             0x080032b9   Thumb Code   486  74hc595.o(i.relay_Action)
    relay_Controller                         0x080035b1   Thumb Code   134  74hc595.o(i.relay_Controller)
    the_74HC595_Init                         0x0800366d   Thumb Code   114  74hc595.o(i.the_74HC595_Init)
    the_74HC595_Output                       0x080036f1   Thumb Code    78  74hc595.o(i.the_74HC595_Output)
    timer_Init                               0x08003749   Thumb Code   122  timer.o(i.timer_Init)
    timer_Init_Timer3                        0x080037c9   Thumb Code   122  timer.o(i.timer_Init_Timer3)
    two_User_Input_Sequence_V2               0x08003849   Thumb Code   534  hp9170.o(i.two_User_Input_Sequence_V2)
    user_Typein_Password                     0x08003b21   Thumb Code   214  hp9170.o(i.user_Typein_Password)
    voltage_Detection_v5                     0x08003c9d   Thumb Code   338  pin_config.o(i.voltage_Detection_v5)
    Region$$Table$$Base                      0x08003ee4   Number         0  anon$$obj.o(Region$$Table)
    Region$$Table$$Limit                     0x08003f04   Number         0  anon$$obj.o(Region$$Table)
    power_Outage_Event                       0x20000014   Data           1  pin_config.o(.data)
    powerOutage_Task_Waiting                 0x20000015   Data           1  pin_config.o(.data)
    timeout_Flag                             0x20000016   Data           1  hp9170.o(.data)
    sequence_Buffer                          0x20000017   Data           2  hp9170.o(.data)
    user_InputArray                          0x20000019   Data           6  hp9170.o(.data)
    user_InputArray_Length                   0x2000001f   Data           1  hp9170.o(.data)
    timer3_timeout_Flag                      0x20000020   Data           1  timer.o(.data)
    relay1_Status                            0x20000021   Data           1  74hc595.o(.data)
    relay2_Status                            0x20000022   Data           1  74hc595.o(.data)
    relay3_Status                            0x20000023   Data           1  74hc595.o(.data)
    relay4_Status                            0x20000024   Data           1  74hc595.o(.data)
    relay5_Status                            0x20000025   Data           1  74hc595.o(.data)
    all_Relay_Status                         0x20000026   Data           1  74hc595.o(.data)
    timeout_char_Flag                        0x20000027   Data           1  74hc595.o(.data)
    size_Of_Password                         0x20000028   Data           1  24cxx.o(.data)
    password_In_24C02_Flag_Changed           0x20000029   Data           1  24cxx.o(.data)
    number_Of_Recall                         0x2000002a   Data           1  24cxx.o(.data)
    home_phone_Number_Array                  0x2000002b   Data           8  hp9200.o(.data)
    control_Enter_Flag                       0x20000033   Data           1  hp9200.o(.data)
    temperature_Status_Token                 0x20000034   Data           1  ds18b20.o(.data)
    overHeating_Task_Waiting                 0x20000035   Data           1  ds18b20.o(.data)
    buffer_Index                             0x2000003a   Data           1  usart.o(.data)
    new_Data_Flag                            0x2000003b   Data           1  usart.o(.data)
    USART1_RX_STA                            0x2000003c   Data           2  usart.o(.data)
    __stdout                                 0x20000040   Data           4  stdout.o(.data)
    password_Array                           0x20000044   Data          15  24cxx.o(.bss)
    phone_Number_Array                       0x20000053   Data          10  hp9200.o(.bss)
    USART1_Storeage_Buffer                   0x2000005d   Data          22  usart.o(.bss)
    USART1_RX_BUF                            0x20000073   Data         200  usart.o(.bss)
    __initial_sp                             0x20000540   Data           0  startup_stm32f10x_md.o(STACK)



==============================================================================

Memory Map of the image

  Image Entry point : 0x080000ed

  Load Region LR_IROM1 (Base: 0x08000000, Size: 0x00003f48, Max: 0x00010000, ABSOLUTE)

    Execution Region ER_IROM1 (Exec base: 0x08000000, Load base: 0x08000000, Size: 0x00003f04, Max: 0x00010000, ABSOLUTE)

    Exec Addr    Load Addr    Size         Type   Attr      Idx    E Section Name        Object

    0x08000000   0x08000000   0x000000ec   Data   RO          242    RESET               startup_stm32f10x_md.o
    0x080000ec   0x080000ec   0x00000000   Code   RO         2072  * .ARM.Collect$$$$00000000  mc_w.l(entry.o)
    0x080000ec   0x080000ec   0x00000004   Code   RO         2350    .ARM.Collect$$$$00000001  mc_w.l(entry2.o)
    0x080000f0   0x080000f0   0x00000004   Code   RO         2353    .ARM.Collect$$$$00000004  mc_w.l(entry5.o)
    0x080000f4   0x080000f4   0x00000000   Code   RO         2355    .ARM.Collect$$$$00000008  mc_w.l(entry7b.o)
    0x080000f4   0x080000f4   0x00000000   Code   RO         2357    .ARM.Collect$$$$0000000A  mc_w.l(entry8b.o)
    0x080000f4   0x080000f4   0x00000008   Code   RO         2358    .ARM.Collect$$$$0000000B  mc_w.l(entry9a.o)
    0x080000fc   0x080000fc   0x00000000   Code   RO         2360    .ARM.Collect$$$$0000000D  mc_w.l(entry10a.o)
    0x080000fc   0x080000fc   0x00000000   Code   RO         2362    .ARM.Collect$$$$0000000F  mc_w.l(entry11a.o)
    0x080000fc   0x080000fc   0x00000004   Code   RO         2351    .ARM.Collect$$$$00002712  mc_w.l(entry2.o)
    0x08000100   0x08000100   0x00000024   Code   RO          243    .text               startup_stm32f10x_md.o
    0x08000124   0x08000124   0x000000e4   Code   RO         2336    .text               mf_w.l(dmul.o)
    0x08000208   0x08000208   0x0000000a   Code   RO         2338    .text               mf_w.l(ffltui.o)
    0x08000212   0x08000212   0x0000001a   Code   RO         2340    .text               mf_w.l(dfltui.o)
    0x0800022c   0x0800022c   0x00000026   Code   RO         2342    .text               mf_w.l(f2d.o)
    0x08000252   0x08000252   0x00000038   Code   RO         2344    .text               mf_w.l(d2f.o)
    0x0800028a   0x0800028a   0x00000002   PAD
    0x0800028c   0x0800028c   0x00000014   Code   RO         2346    .text               mf_w.l(cfcmple.o)
    0x080002a0   0x080002a0   0x00000014   Code   RO         2348    .text               mf_w.l(cfrcmple.o)
    0x080002b4   0x080002b4   0x0000002c   Code   RO         2365    .text               mc_w.l(uidiv.o)
    0x080002e0   0x080002e0   0x00000062   Code   RO         2367    .text               mc_w.l(uldiv.o)
    0x08000342   0x08000342   0x00000000   Code   RO         2369    .text               mc_w.l(iusefp.o)
    0x08000342   0x08000342   0x0000006e   Code   RO         2370    .text               mf_w.l(fepilogue.o)
    0x080003b0   0x080003b0   0x000000ba   Code   RO         2372    .text               mf_w.l(depilogue.o)
    0x0800046a   0x0800046a   0x0000014e   Code   RO         2374    .text               mf_w.l(dadd.o)
    0x080005b8   0x080005b8   0x000000de   Code   RO         2376    .text               mf_w.l(ddiv.o)
    0x08000696   0x08000696   0x00000030   Code   RO         2378    .text               mf_w.l(dfixul.o)
    0x080006c6   0x080006c6   0x00000002   PAD
    0x080006c8   0x080006c8   0x00000030   Code   RO         2380    .text               mf_w.l(cdrcmple.o)
    0x080006f8   0x080006f8   0x00000024   Code   RO         2382    .text               mc_w.l(init.o)
    0x0800071c   0x0800071c   0x0000001e   Code   RO         2384    .text               mc_w.l(llshl.o)
    0x0800073a   0x0800073a   0x00000020   Code   RO         2386    .text               mc_w.l(llushr.o)
    0x0800075a   0x0800075a   0x00000024   Code   RO         2388    .text               mc_w.l(llsshr.o)
    0x0800077e   0x0800077e   0x00000008   Code   RO         1761    i.AT24CXX_Init      24cxx.o
    0x08000786   0x08000786   0x00000058   Code   RO         1764    i.AT24CXX_ReadOneByte  24cxx.o
    0x080007de   0x080007de   0x00000050   Code   RO         1767    i.AT24CXX_WriteOneByte  24cxx.o
    0x0800082e   0x0800082e   0x00000004   Code   RO          155    i.BusFault_Handler  stm32f10x_it.o
    0x08000832   0x08000832   0x00000002   PAD
    0x08000834   0x08000834   0x00000084   Code   RO         1580    i.DF_Player_Init    df_player.o
    0x080008b8   0x080008b8   0x00000050   Code   RO         1919    i.DS18B20_Check     ds18b20.o
    0x08000908   0x08000908   0x00000080   Code   RO         1920    i.DS18B20_GetTemperture  ds18b20.o
    0x08000988   0x08000988   0x00000020   Code   RO         1921    i.DS18B20_IO_IN     ds18b20.o
    0x080009a8   0x080009a8   0x00000024   Code   RO         1922    i.DS18B20_IO_OUT    ds18b20.o
    0x080009cc   0x080009cc   0x00000034   Code   RO         1923    i.DS18B20_Init      ds18b20.o
    0x08000a00   0x08000a00   0x00000044   Code   RO         1924    i.DS18B20_Read_Bit  ds18b20.o
    0x08000a44   0x08000a44   0x00000022   Code   RO         1925    i.DS18B20_Read_Byte  ds18b20.o
    0x08000a66   0x08000a66   0x00000002   PAD
    0x08000a68   0x08000a68   0x0000002c   Code   RO         1926    i.DS18B20_Reset     ds18b20.o
    0x08000a94   0x08000a94   0x00000018   Code   RO         1927    i.DS18B20_Start     ds18b20.o
    0x08000aac   0x08000aac   0x0000005c   Code   RO         1928    i.DS18B20_Write_Byte  ds18b20.o
    0x08000b08   0x08000b08   0x000000a4   Code   RO         1424    i.DV_Checking       pin_config.o
    0x08000bac   0x08000bac   0x00000020   Code   RO         1425    i.DV_Checking_Simplified  pin_config.o
    0x08000bcc   0x08000bcc   0x00000002   Code   RO          156    i.DebugMon_Handler  stm32f10x_it.o
    0x08000bce   0x08000bce   0x00000116   Code   RO          254    i.GPIO_Init         stm32f10x_gpio.o
    0x08000ce4   0x08000ce4   0x00000090   Code   RO          256    i.GPIO_PinRemapConfig  stm32f10x_gpio.o
    0x08000d74   0x08000d74   0x0000003c   Code   RO         1517    i.HP9170_Init       hp9170.o
    0x08000db0   0x08000db0   0x00000044   Code   RO         1852    i.HP9200_Init       hp9200.o
    0x08000df4   0x08000df4   0x00000004   Code   RO          157    i.HardFault_Handler  stm32f10x_it.o
    0x08000df8   0x08000df8   0x00000038   Code   RO         1691    i.IIC_Ack           iic.o
    0x08000e30   0x08000e30   0x0000004c   Code   RO         1692    i.IIC_Init          iic.o
    0x08000e7c   0x08000e7c   0x00000038   Code   RO         1693    i.IIC_NAck          iic.o
    0x08000eb4   0x08000eb4   0x00000058   Code   RO         1694    i.IIC_Read_Byte     iic.o
    0x08000f0c   0x08000f0c   0x00000064   Code   RO         1695    i.IIC_Send_Byte     iic.o
    0x08000f70   0x08000f70   0x00000038   Code   RO         1696    i.IIC_Start         iic.o
    0x08000fa8   0x08000fa8   0x00000038   Code   RO         1697    i.IIC_Stop          iic.o
    0x08000fe0   0x08000fe0   0x0000004c   Code   RO         1698    i.IIC_Wait_Ack      iic.o
    0x0800102c   0x0800102c   0x00000004   Code   RO          158    i.MemManage_Handler  stm32f10x_it.o
    0x08001030   0x08001030   0x00000002   Code   RO          159    i.NMI_Handler       stm32f10x_it.o
    0x08001032   0x08001032   0x00000002   PAD
    0x08001034   0x08001034   0x00000070   Code   RO          562    i.NVIC_Init         misc.o
    0x080010a4   0x080010a4   0x00000002   Code   RO          160    i.PendSV_Handler    stm32f10x_it.o
    0x080010a6   0x080010a6   0x00000002   PAD
    0x080010a8   0x080010a8   0x00000020   Code   RO          364    i.RCC_APB1PeriphClockCmd  stm32f10x_rcc.o
    0x080010c8   0x080010c8   0x00000020   Code   RO          365    i.RCC_APB1PeriphResetCmd  stm32f10x_rcc.o
    0x080010e8   0x080010e8   0x00000020   Code   RO          366    i.RCC_APB2PeriphClockCmd  stm32f10x_rcc.o
    0x08001108   0x08001108   0x00000020   Code   RO          367    i.RCC_APB2PeriphResetCmd  stm32f10x_rcc.o
    0x08001128   0x08001128   0x000000d4   Code   RO          374    i.RCC_GetClocksFreq  stm32f10x_rcc.o
    0x080011fc   0x080011fc   0x0000001c   Code   RO         1699    i.SDA_IN            iic.o
    0x08001218   0x08001218   0x00000024   Code   RO         1700    i.SDA_OUT           iic.o
    0x0800123c   0x0800123c   0x00000002   Code   RO          161    i.SVC_Handler       stm32f10x_it.o
    0x0800123e   0x0800123e   0x00000008   Code   RO         1380    i.SetSysClock       system_stm32f10x.o
    0x08001246   0x08001246   0x00000002   PAD
    0x08001248   0x08001248   0x000000e0   Code   RO         1381    i.SetSysClockTo72   system_stm32f10x.o
    0x08001328   0x08001328   0x00000028   Code   RO          566    i.SysTick_CLKSourceConfig  misc.o
    0x08001350   0x08001350   0x00000002   Code   RO          162    i.SysTick_Handler   stm32f10x_it.o
    0x08001352   0x08001352   0x00000002   PAD
    0x08001354   0x08001354   0x0000003c   Code   RO         2006    i.SysTick_Init      systick.o
    0x08001390   0x08001390   0x00000060   Code   RO         1383    i.SystemInit        system_stm32f10x.o
    0x080013f0   0x080013f0   0x00000044   Code   RO         1619    i.TIM3_IRQHandler   timer.o
    0x08001434   0x08001434   0x0000004c   Code   RO         1620    i.TIM4_IRQHandler   timer.o
    0x08001480   0x08001480   0x00000006   Code   RO          662    i.TIM_ClearFlag     stm32f10x_tim.o
    0x08001486   0x08001486   0x00000006   Code   RO          663    i.TIM_ClearITPendingBit  stm32f10x_tim.o
    0x0800148c   0x0800148c   0x00000018   Code   RO          668    i.TIM_Cmd           stm32f10x_tim.o
    0x080014a4   0x080014a4   0x000001e8   Code   RO          673    i.TIM_DeInit        stm32f10x_tim.o
    0x0800168c   0x0800168c   0x00000022   Code   RO          689    i.TIM_GetITStatus   stm32f10x_tim.o
    0x080016ae   0x080016ae   0x00000012   Code   RO          693    i.TIM_ITConfig      stm32f10x_tim.o
    0x080016c0   0x080016c0   0x000000a4   Code   RO          739    i.TIM_TimeBaseInit  stm32f10x_tim.o
    0x08001764   0x08001764   0x00000058   Code   RO         2035    i.USART1_IRQHandler  usart.o
    0x080017bc   0x080017bc   0x000000b0   Code   RO         2036    i.USART1_Init       usart.o
    0x0800186c   0x0800186c   0x00000012   Code   RO         1200    i.USART_ClearFlag   stm32f10x_usart.o
    0x0800187e   0x0800187e   0x00000018   Code   RO         1204    i.USART_Cmd         stm32f10x_usart.o
    0x08001896   0x08001896   0x0000001a   Code   RO         1207    i.USART_GetFlagStatus  stm32f10x_usart.o
    0x080018b0   0x080018b0   0x00000054   Code   RO         1208    i.USART_GetITStatus  stm32f10x_usart.o
    0x08001904   0x08001904   0x0000004a   Code   RO         1210    i.USART_ITConfig    stm32f10x_usart.o
    0x0800194e   0x0800194e   0x00000002   PAD
    0x08001950   0x08001950   0x000000d8   Code   RO         1211    i.USART_Init        stm32f10x_usart.o
    0x08001a28   0x08001a28   0x0000000a   Code   RO         1218    i.USART_ReceiveData  stm32f10x_usart.o
    0x08001a32   0x08001a32   0x00000008   Code   RO         1221    i.USART_SendData    stm32f10x_usart.o
    0x08001a3a   0x08001a3a   0x00000004   Code   RO          163    i.UsageFault_Handler  stm32f10x_it.o
    0x08001a3e   0x08001a3e   0x00000002   PAD
    0x08001a40   0x08001a40   0x00000020   Code   RO         2308    i.__0printf         mc_w.l(printfa.o)
    0x08001a60   0x08001a60   0x0000000e   Code   RO         2392    i.__scatterload_copy  mc_w.l(handlers.o)
    0x08001a6e   0x08001a6e   0x00000002   Code   RO         2393    i.__scatterload_null  mc_w.l(handlers.o)
    0x08001a70   0x08001a70   0x0000000e   Code   RO         2394    i.__scatterload_zeroinit  mc_w.l(handlers.o)
    0x08001a7e   0x08001a7e   0x00000002   PAD
    0x08001a80   0x08001a80   0x00000184   Code   RO         2315    i._fp_digits        mc_w.l(printfa.o)
    0x08001c04   0x08001c04   0x000006dc   Code   RO         2316    i._printf_core      mc_w.l(printfa.o)
    0x080022e0   0x080022e0   0x00000024   Code   RO         2317    i._printf_post_padding  mc_w.l(printfa.o)
    0x08002304   0x08002304   0x0000002e   Code   RO         2318    i._printf_pre_padding  mc_w.l(printfa.o)
    0x08002332   0x08002332   0x00000002   PAD
    0x08002334   0x08002334   0x000001e4   Code   RO         1427    i.callout_Detection_mod  pin_config.o
    0x08002518   0x08002518   0x000000b8   Code   RO         1768    i.check_Data_validity  24cxx.o
    0x080025d0   0x080025d0   0x000002d0   Code   RO         1520    i.decoding_One_Tone_with_DVcontrol  hp9170.o
    0x080028a0   0x080028a0   0x0000004c   Code   RO         2007    i.delay_ms          systick.o
    0x080028ec   0x080028ec   0x0000004c   Code   RO         2008    i.delay_us          systick.o
    0x08002938   0x08002938   0x00000028   Code   RO         1853    i.dial_Phone_Number_all_Digit  hp9200.o
    0x08002960   0x08002960   0x00000204   Code   RO         1855    i.dial_one_number   hp9200.o
    0x08002b64   0x08002b64   0x00000024   Code   RO         2037    i.fputc             usart.o
    0x08002b88   0x08002b88   0x00000064   Code   RO         1856    i.goingInto_Control_Input_Reader  hp9200.o
    0x08002bec   0x08002bec   0x000000bc   Code   RO         1929    i.heat_Detection    ds18b20.o
    0x08002ca8   0x08002ca8   0x00000020   Code   RO         1858    i.home_phoneNumber_Filler_from24C02  hp9200.o
    0x08002cc8   0x08002cc8   0x000002a8   Code   RO            1    i.main              main.o
    0x08002f70   0x08002f70   0x00000020   Code   RO         1769    i.password_Filler_from24C02  24cxx.o
    0x08002f90   0x08002f90   0x00000134   Code   RO         1521    i.password_Matches_orNot  hp9170.o
    0x080030c4   0x080030c4   0x0000008c   Code   RO         1522    i.password_Sequence  hp9170.o
    0x08003150   0x08003150   0x00000020   Code   RO         1859    i.phoneNumber_Filler_from24C02  hp9200.o
    0x08003170   0x08003170   0x00000070   Code   RO         1429    i.pin_Setup         pin_config.o
    0x080031e0   0x080031e0   0x000000a4   Code   RO         1582    i.play_One_Track    df_player.o
    0x08003284   0x08003284   0x00000034   Code   RO         1430    i.power_Outage_Detection  pin_config.o
    0x080032b8   0x080032b8   0x000002f8   Code   RO         1655    i.relay_Action      74hc595.o
    0x080035b0   0x080035b0   0x000000bc   Code   RO         1656    i.relay_Controller  74hc595.o
    0x0800366c   0x0800366c   0x00000084   Code   RO         1657    i.the_74HC595_Init  74hc595.o
    0x080036f0   0x080036f0   0x00000058   Code   RO         1658    i.the_74HC595_Output  74hc595.o
    0x08003748   0x08003748   0x00000080   Code   RO         1621    i.timer_Init        timer.o
    0x080037c8   0x080037c8   0x00000080   Code   RO         1622    i.timer_Init_Timer3  timer.o
    0x08003848   0x08003848   0x000002d8   Code   RO         1523    i.two_User_Input_Sequence_V2  hp9170.o
    0x08003b20   0x08003b20   0x0000017c   Code   RO         1524    i.user_Typein_Password  hp9170.o
    0x08003c9c   0x08003c9c   0x00000248   Code   RO         1433    i.voltage_Detection_v5  pin_config.o
    0x08003ee4   0x08003ee4   0x00000020   Data   RO         2390    Region$$Table       anon$$obj.o


    Execution Region RW_IRAM1 (Exec base: 0x20000000, Load base: 0x08003f04, Size: 0x00000540, Max: 0x00005000, ABSOLUTE)

    Exec Addr    Load Addr    Size         Type   Attr      Idx    E Section Name        Object

    0x20000000   0x08003f04   0x00000014   Data   RW          394    .data               stm32f10x_rcc.o
    0x20000014   0x08003f18   0x00000002   Data   RW         1434    .data               pin_config.o
    0x20000016   0x08003f1a   0x0000000a   Data   RW         1525    .data               hp9170.o
    0x20000020   0x08003f24   0x00000001   Data   RW         1623    .data               timer.o
    0x20000021   0x08003f25   0x00000007   Data   RW         1659    .data               74hc595.o
    0x20000028   0x08003f2c   0x00000003   Data   RW         1773    .data               24cxx.o
    0x2000002b   0x08003f2f   0x00000009   Data   RW         1862    .data               hp9200.o
    0x20000034   0x08003f38   0x00000002   Data   RW         1930    .data               ds18b20.o
    0x20000036   0x08003f3a   0x00000004   Data   RW         2009    .data               systick.o
    0x2000003a   0x08003f3e   0x00000004   Data   RW         2040    .data               usart.o
    0x2000003e   0x08003f42   0x00000002   PAD
    0x20000040   0x08003f44   0x00000004   Data   RW         2364    .data               mc_w.l(stdout.o)
    0x20000044        -       0x0000000f   Zero   RW         1772    .bss                24cxx.o
    0x20000053        -       0x0000000a   Zero   RW         1861    .bss                hp9200.o
    0x2000005d        -       0x000000de   Zero   RW         2039    .bss                usart.o
    0x2000013b   0x08003f48   0x00000005   PAD
    0x20000140        -       0x00000400   Zero   RW          240    STACK               startup_stm32f10x_md.o


==============================================================================

Image component sizes


      Code (inc. data)   RO Data    RW Data    ZI Data      Debug   Object Name

       392         22          0          3         15       4244   24cxx.o
      1168        356          0          7          0       3489   74hc595.o
       296         16          0          0          0       1722   df_player.o
       778         76          0          2          0       7313   ds18b20.o
      2336        824          0         10          0       6452   hp9170.o
       788         72          0          9         10       4970   hp9200.o
       628         84          0          0          0       5665   iic.o
       680        212          0          0          0     255069   main.o
       152         12          0          0          0       1878   misc.o
      1428        406          0          2          0       5893   pin_config.o
        36          8        236          0       1024        904   startup_stm32f10x_md.o
       422          6          0          0          0       3130   stm32f10x_gpio.o
        26          0          0          0          0       4422   stm32f10x_it.o
       340         44          0         20          0       6320   stm32f10x_rcc.o
       740        106          0          0          0       5747   stm32f10x_tim.o
       460          6          0          0          0       7695   stm32f10x_usart.o
       328         28          0          0          0       2217   system_stm32f10x.o
       212         16          0          4          0       1997   systick.o
       400         84          0          1          0       2855   timer.o
       300         26          0          4        222       2882   usart.o

    ----------------------------------------------------------------------
     11926       2404        268         64       1276     334864   Object Totals
         0          0         32          0          0          0   (incl. Generated)
        16          0          0          2          5          0   (incl. Padding)

    ----------------------------------------------------------------------

      Code (inc. data)   RO Data    RW Data    ZI Data      Debug   Library Member Name

         0          0          0          0          0          0   entry.o
         0          0          0          0          0          0   entry10a.o
         0          0          0          0          0          0   entry11a.o
         8          4          0          0          0          0   entry2.o
         4          0          0          0          0          0   entry5.o
         0          0          0          0          0          0   entry7b.o
         0          0          0          0          0          0   entry8b.o
         8          4          0          0          0          0   entry9a.o
        30          0          0          0          0          0   handlers.o
        36          8          0          0          0         68   init.o
         0          0          0          0          0          0   iusefp.o
        30          0          0          0          0         68   llshl.o
        36          0          0          0          0         68   llsshr.o
        32          0          0          0          0         68   llushr.o
      2258         90          0          0          0        452   printfa.o
         0          0          0          4          0          0   stdout.o
        44          0          0          0          0         80   uidiv.o
        98          0          0          0          0         92   uldiv.o
        48          0          0          0          0         68   cdrcmple.o
        20          0          0          0          0         68   cfcmple.o
        20          0          0          0          0         68   cfrcmple.o
        56          0          0          0          0         88   d2f.o
       334          0          0          0          0        148   dadd.o
       222          0          0          0          0        100   ddiv.o
       186          0          0          0          0        176   depilogue.o
        48          0          0          0          0         68   dfixul.o
        26          0          0          0          0         76   dfltui.o
       228          0          0          0          0         96   dmul.o
        38          0          0          0          0         68   f2d.o
       110          0          0          0          0        168   fepilogue.o
        10          0          0          0          0         68   ffltui.o

    ----------------------------------------------------------------------
      3938        106          0          4          0       2156   Library Totals
         8          0          0          0          0          0   (incl. Padding)

    ----------------------------------------------------------------------

      Code (inc. data)   RO Data    RW Data    ZI Data      Debug   Library Name

      2584        106          0          4          0        896   mc_w.l
      1346          0          0          0          0       1260   mf_w.l

    ----------------------------------------------------------------------
      3938        106          0          4          0       2156   Library Totals

    ----------------------------------------------------------------------

==============================================================================


      Code (inc. data)   RO Data    RW Data    ZI Data      Debug   

     15864       2510        268         68       1276     331244   Grand Totals
     15864       2510        268         68       1276     331244   ELF Image Totals
     15864       2510        268         68          0          0   ROM Totals

==============================================================================

    Total RO  Size (Code + RO Data)                16132 (  15.75kB)
    Total RW  Size (RW Data + ZI Data)              1344 (   1.31kB)
    Total ROM Size (Code + RO Data + RW Data)      16200 (  15.82kB)

==============================================================================

